Using pre-set license
Built from '6000.0/respin/6000.0.59f1-063c55f2fd0f' branch; Version is '6000.0.59f2 (ef281c76c3c1) revision 15673372'; Using compiler version '193933523'; Build Type 'Release'
OS: 'Windows 11  (10.0.26200) 64bit Professional' Language: 'ja' Physical Memory: 32486 MB
BatchMode: 1, IsHumanControllingUs: 0, StartBugReporterOnCrash: 0, Is64bit: 1
Date: 2026-04-15T07:12:10Z

COMMAND LINE ARGUMENTS:
C:\Program Files\Unity\Hub\Editor\6000.0.59f2-x86_64\Editor\Unity.exe
-adb2
-batchMode
-noUpm
-name
AssetImportWorker17
-projectPath
C:/Users/student/Documents/GitHub/assignment2-uic-tickets/Project/tickets
-logFile
Logs/AssetImportWorker17.log
-srvPort
63071
-job-worker-count
11
-background-job-worker-count
8
-gc-helper-count
1
-name
AssetImport
Successfully changed project path to: C:/Users/student/Documents/GitHub/assignment2-uic-tickets/Project/tickets
C:/Users/student/Documents/GitHub/assignment2-uic-tickets/Project/tickets
[UnityMemory] Configuration Parameters - Can be set up in boot.config
    "memorysetup-bucket-allocator-granularity=16"
    "memorysetup-bucket-allocator-bucket-count=8"
    "memorysetup-bucket-allocator-block-size=33554432"
    "memorysetup-bucket-allocator-block-count=8"
    "memorysetup-main-allocator-block-size=16777216"
    "memorysetup-thread-allocator-block-size=16777216"
    "memorysetup-gfx-main-allocator-block-size=16777216"
    "memorysetup-gfx-thread-allocator-block-size=16777216"
    "memorysetup-cache-allocator-block-size=4194304"
    "memorysetup-typetree-allocator-block-size=2097152"
    "memorysetup-profiler-bucket-allocator-granularity=16"
    "memorysetup-profiler-bucket-allocator-bucket-count=8"
    "memorysetup-profiler-bucket-allocator-block-size=33554432"
    "memorysetup-profiler-bucket-allocator-block-count=8"
    "memorysetup-profiler-allocator-block-size=16777216"
    "memorysetup-profiler-editor-allocator-block-size=1048576"
    "memorysetup-temp-allocator-size-main=16777216"
    "memorysetup-job-temp-allocator-block-size=2097152"
    "memorysetup-job-temp-allocator-block-size-background=1048576"
    "memorysetup-job-temp-allocator-reduction-small-platforms=262144"
    "memorysetup-allocator-temp-initial-block-size-main=262144"
    "memorysetup-allocator-temp-initial-block-size-worker=262144"
    "memorysetup-temp-allocator-size-background-worker=32768"
    "memorysetup-temp-allocator-size-job-worker=262144"
    "memorysetup-temp-allocator-size-preload-manager=33554432"
    "memorysetup-temp-allocator-size-nav-mesh-worker=65536"
    "memorysetup-temp-allocator-size-audio-worker=65536"
    "memorysetup-temp-allocator-size-cloud-worker=32768"
    "memorysetup-temp-allocator-size-gi-baking-worker=262144"
    "memorysetup-temp-allocator-size-gi-baking-worker=262144"
    "memorysetup-temp-allocator-size-gi-baking-worker=262144"
    "memorysetup-temp-allocator-size-gi-baking-worker=262144"
    "memorysetup-temp-allocator-size-gi-baking-worker=262144"
    "memorysetup-temp-allocator-size-gfx=262144"
Player connection [38068]  Target information:

Player connection [38068]  * "[IP] 10.204.97.26 [Port] 0 [Flags] 2 [Guid] 1912562291 [EditorId] 1912562291 [Version] 1048832 [Id] WindowsEditor(7,PC-U24-G15) [Debug] 1 [PackageName] WindowsEditor [ProjectName] Editor" 

Player connection [38068] Host joined multi-casting on [225.0.0.222:54997]...
Player connection [38068] Host joined alternative multi-casting on [225.0.0.222:34997]...
JobSystem: Creating JobQueue using job-worker-count value 11
Input System module state changed to: Initialized.
[Physics::Module] Initialized fallback backend.
[Physics::Module] Id: 0xdecafbad
Library Redirect Path: Library/
[Physics::Module] Selected backend.
[Physics::Module] Name: PhysX
[Physics::Module] Id: 0xf2b8ea05
[Physics::Module] SDK Version: 4.1.2
[Physics::Module] Integration Version: 1.0.0
[Physics::Module] Threading Mode: Multi-Threaded
Refreshing native plugins compatible for Editor in 1.61 ms, found 4 plugins.
Preloading 0 native plugins for Editor in 0.00 ms.
Initialize engine version: 6000.0.59f2 (ef281c76c3c1)
[Subsystems] Discovering subsystems at path C:/Program Files/Unity/Hub/Editor/6000.0.59f2-x86_64/Editor/Data/Resources/UnitySubsystems
[Subsystems] Discovering subsystems at path C:/Users/student/Documents/GitHub/assignment2-uic-tickets/Project/tickets/Assets
GfxDevice: creating device client; kGfxThreadingModeNonThreaded
Direct3D:
    Version:  Direct3D 11.0 [level 11.1]
    Renderer: NVIDIA GeForce RTX 4060 Ti (ID=0x2803)
    Vendor:   NVIDIA
    VRAM:     7949 MB
    Driver:   32.0.15.8195
Initialize mono
Mono path[0] = 'C:/Program Files/Unity/Hub/Editor/6000.0.59f2-x86_64/Editor/Data/Managed'
Mono path[1] = 'C:/Program Files/Unity/Hub/Editor/6000.0.59f2-x86_64/Editor/Data/MonoBleedingEdge/lib/mono/unityjit-win32'
Mono config path = 'C:/Program Files/Unity/Hub/Editor/6000.0.59f2-x86_64/Editor/Data/MonoBleedingEdge/etc'
Using monoOptions --debugger-agent=transport=dt_socket,embedding=1,server=y,suspend=n,address=127.0.0.1:56944
Begin MonoManager ReloadAssembly
Registering precompiled unity dll's ...
Register platform support module: C:/Program Files/Unity/Hub/Editor/6000.0.59f2-x86_64/Editor/Data/PlaybackEngines/WindowsStandaloneSupport/UnityEditor.WindowsStandalone.Extensions.dll
Registered in 0.001471 seconds.
- Loaded All Assemblies, in  0.209 seconds
Native extension for WindowsStandalone target not found
Mono: successfully reloaded assembly
- Finished resetting the current domain, in  0.198 seconds
Domain Reload Profiling: 407ms
	BeginReloadAssembly (55ms)
		ExecutionOrderSort (0ms)
		DisableScriptedObjects (0ms)
		BackupInstance (0ms)
		ReleaseScriptingObjects (0ms)
		CreateAndSetChildDomain (0ms)
	RebuildCommonClasses (23ms)
	RebuildNativeTypeToScriptingClass (7ms)
	initialDomainReloadingComplete (30ms)
	LoadAllAssembliesAndSetupDomain (92ms)
		LoadAssemblies (54ms)
		RebuildTransferFunctionScriptingTraits (0ms)
		AnalyzeDomain (90ms)
			TypeCache.Refresh (89ms)
				TypeCache.ScanAssembly (81ms)
			BuildScriptInfoCaches (0ms)
			ResolveRequiredComponents (0ms)
	FinalizeReload (199ms)
		ReleaseScriptCaches (0ms)
		RebuildScriptCaches (0ms)
		SetupLoadedEditorAssemblies (170ms)
			LogAssemblyErrors (0ms)
			InitializePlatformSupportModulesInManaged (13ms)
			SetLoadedEditorAssemblies (3ms)
			BeforeProcessingInitializeOnLoad (37ms)
			ProcessInitializeOnLoadAttributes (86ms)
			ProcessInitializeOnLoadMethodAttributes (31ms)
			AfterProcessingInitializeOnLoad (0ms)
			EditorAssembliesLoaded (0ms)
		ExecutionOrderSort2 (0ms)
		AwakeInstancesAfterBackupRestoration (0ms)
========================================================================
Worker process is ready to serve import requests
Import Worker Mode flag is 0x00
Begin MonoManager ReloadAssembly
- Loaded All Assemblies, in  0.465 seconds
Refreshing native plugins compatible for Editor in 0.86 ms, found 4 plugins.
Native extension for WindowsStandalone target not found
Refreshing native plugins compatible for Editor in 1.02 ms, found 4 plugins.
Package Manager log level set to [2]
[Package Manager] Failed to launch server process. Reason: Unity was launched with the -noUpm command-line argument
[Package Manager] Unable to send message (not connected to server process).
[Package Manager] Cannot connect to Unity Package Manager local server
Mono: successfully reloaded assembly
- Finished resetting the current domain, in  0.457 seconds
Domain Reload Profiling: 920ms
	BeginReloadAssembly (88ms)
		ExecutionOrderSort (0ms)
		DisableScriptedObjects (3ms)
		BackupInstance (0ms)
		ReleaseScriptingObjects (0ms)
		CreateAndSetChildDomain (16ms)
	RebuildCommonClasses (22ms)
	RebuildNativeTypeToScriptingClass (7ms)
	initialDomainReloadingComplete (24ms)
	LoadAllAssembliesAndSetupDomain (321ms)
		LoadAssemblies (199ms)
		RebuildTransferFunctionScriptingTraits (0ms)
		AnalyzeDomain (163ms)
			TypeCache.Refresh (120ms)
				TypeCache.ScanAssembly (111ms)
			BuildScriptInfoCaches (34ms)
			ResolveRequiredComponents (6ms)
	FinalizeReload (457ms)
		ReleaseScriptCaches (0ms)
		RebuildScriptCaches (0ms)
		SetupLoadedEditorAssemblies (336ms)
			LogAssemblyErrors (0ms)
			InitializePlatformSupportModulesInManaged (2ms)
			SetLoadedEditorAssemblies (3ms)
			BeforeProcessingInitializeOnLoad (67ms)
			ProcessInitializeOnLoadAttributes (234ms)
			ProcessInitializeOnLoadMethodAttributes (29ms)
			AfterProcessingInitializeOnLoad (3ms)
			EditorAssembliesLoaded (0ms)
		ExecutionOrderSort2 (0ms)
		AwakeInstancesAfterBackupRestoration (4ms)
Launched and connected shader compiler UnityShaderCompiler.exe after 0.02 seconds
Refreshing native plugins compatible for Editor in 0.88 ms, found 4 plugins.
Preloading 0 native plugins for Editor in 0.00 ms.
Unloading 13 Unused Serialized files (Serialized files now loaded: 0)
Unloading 6427 unused Assets / (4.2 MB). Loaded Objects now: 7125.
Memory consumption went from 139.7 MB to 135.5 MB.
Total: 4.622200 ms (FindLiveObjects: 0.363200 ms CreateObjectMapping: 0.214600 ms MarkObjects: 2.778300 ms  DeleteObjects: 1.265200 ms)

========================================================================
Received Import Request.
  Time since last request: 16786.726325 seconds.
  path: Assets/AK Studio Art/Waste Can/Model 3d
  artifactKey: Guid(8f8ee85992717774986cad4b67d232fb) Importer(815301076,1909f56bfc062723c751e8b465ee728b)
Start importing Assets/AK Studio Art/Waste Can/Model 3d using Guid(8f8ee85992717774986cad4b67d232fb) Importer(815301076,1909f56bfc062723c751e8b465ee728b) (PreviewImporter) -> (artifact id: '42a5dc78cd12ce600bf0900f780933dc') in 0.0028581 seconds
Number of updated asset objects reloaded before import = 0Number of asset objects unloaded after import = 0

========================================================================
Received Import Request.
  Time since last request: 6.022354 seconds.
  path: Assets/AK Studio Art/Waste Can/Materials
  artifactKey: Guid(c4949b74a3805e14d9b434ceddb22754) Importer(815301076,1909f56bfc062723c751e8b465ee728b)
Start importing Assets/AK Studio Art/Waste Can/Materials using Guid(c4949b74a3805e14d9b434ceddb22754) Importer(815301076,1909f56bfc062723c751e8b465ee728b) (PreviewImporter) -> (artifact id: 'ccc2041bf7f131e091c9808e2b64f023') in 0.0004896 seconds
Number of updated asset objects reloaded before import = 0Number of asset objects unloaded after import = 0

========================================================================
Received Import Request.
  Time since last request: 3.363502 seconds.
  path: Assets/Azerilo
  artifactKey: Guid(8cef775c15f0431419951f620cc06fd6) Importer(815301076,1909f56bfc062723c751e8b465ee728b)
Start importing Assets/Azerilo using Guid(8cef775c15f0431419951f620cc06fd6) Importer(815301076,1909f56bfc062723c751e8b465ee728b) (PreviewImporter) -> (artifact id: '24d697ec821761641abe5dc5b9493163') in 0.0004496 seconds
Number of updated asset objects reloaded before import = 0Number of asset objects unloaded after import = 0

========================================================================
Received Import Request.
  Time since last request: 0.763698 seconds.
  path: Assets/Azerilo/Car Model No.1201 Asset
  artifactKey: Guid(6431148f522677b449909a1841e43138) Importer(815301076,1909f56bfc062723c751e8b465ee728b)
Start importing Assets/Azerilo/Car Model No.1201 Asset using Guid(6431148f522677b449909a1841e43138) Importer(815301076,1909f56bfc062723c751e8b465ee728b) (PreviewImporter) -> (artifact id: '3b43f568a0d25bd2ac69f32babc98a70') in 0.000532 seconds
Number of updated asset objects reloaded before import = 0Number of asset objects unloaded after import = 0

========================================================================
Received Import Request.
  Time since last request: 1.002913 seconds.
  path: Assets/Azerilo/Car Model No.1201 Asset/Mesh
  artifactKey: Guid(9986718c1509e0246880a2a2ac03e80e) Importer(815301076,1909f56bfc062723c751e8b465ee728b)
Start importing Assets/Azerilo/Car Model No.1201 Asset/Mesh using Guid(9986718c1509e0246880a2a2ac03e80e) Importer(815301076,1909f56bfc062723c751e8b465ee728b) (PreviewImporter) -> (artifact id: '26742bd2ac93680ecd8f8e10327bf1a7') in 0.0004355 seconds
Number of updated asset objects reloaded before import = 0Number of asset objects unloaded after import = 0

========================================================================
Received Import Request.
  Time since last request: 3.269276 seconds.
  path: Assets/BTM_Assets
  artifactKey: Guid(491638507f040a740b4c23af754df871) Importer(815301076,1909f56bfc062723c751e8b465ee728b)
Start importing Assets/BTM_Assets using Guid(491638507f040a740b4c23af754df871) Importer(815301076,1909f56bfc062723c751e8b465ee728b) (PreviewImporter) -> (artifact id: '9900acf3ec4e3e9576bdf3c92cdc6dbd') in 0.0008779 seconds
Number of updated asset objects reloaded before import = 0Number of asset objects unloaded after import = 0

========================================================================
Received Import Request.
  Time since last request: 1.158655 seconds.
  path: Assets/BTM_Assets/BTM_Items_Gems
  artifactKey: Guid(44b84de470b203d4cab6dc05437b1eea) Importer(815301076,1909f56bfc062723c751e8b465ee728b)
Start importing Assets/BTM_Assets/BTM_Items_Gems using Guid(44b84de470b203d4cab6dc05437b1eea) Importer(815301076,1909f56bfc062723c751e8b465ee728b) (PreviewImporter) -> (artifact id: 'eddf9a067896dcbb209d310c0833e16f') in 0.0004433 seconds
Number of updated asset objects reloaded before import = 0Number of asset objects unloaded after import = 0

========================================================================
Received Import Request.
  Time since last request: 1.310534 seconds.
  path: Assets/BTM_Assets/BTM_Items_Gems/Materials
  artifactKey: Guid(b4b742198699c31468338b2e225c26bf) Importer(815301076,1909f56bfc062723c751e8b465ee728b)
Start importing Assets/BTM_Assets/BTM_Items_Gems/Materials using Guid(b4b742198699c31468338b2e225c26bf) Importer(815301076,1909f56bfc062723c751e8b465ee728b) (PreviewImporter) -> (artifact id: '0499def807850a5be431569e3f215e17') in 0.0004109 seconds
Number of updated asset objects reloaded before import = 0Number of asset objects unloaded after import = 0

========================================================================
Received Import Request.
  Time since last request: 0.037279 seconds.
  path: Assets/BTM_Assets/BTM_Items_Gems/Materials/Gradient Pallete.png
  artifactKey: Guid(fdc9284e7f7d7be488f34ed803e0c9af) Importer(815301076,1909f56bfc062723c751e8b465ee728b)
Start importing Assets/BTM_Assets/BTM_Items_Gems/Materials/Gradient Pallete.png using Guid(fdc9284e7f7d7be488f34ed803e0c9af) Importer(815301076,1909f56bfc062723c751e8b465ee728b) (PreviewImporter) -> (artifact id: 'fb988b24c61807b0fdc575478ee438af') in 0.0433855 seconds
Number of updated asset objects reloaded before import = 0Number of asset objects unloaded after import = 2

========================================================================
Received Import Request.
  Time since last request: 3.154233 seconds.
  path: Assets/BTM_Assets/BTM_Items_Gems/Models
  artifactKey: Guid(a5ff2ec5967924140a0e2a48350f4dbb) Importer(815301076,1909f56bfc062723c751e8b465ee728b)
Start importing Assets/BTM_Assets/BTM_Items_Gems/Models using Guid(a5ff2ec5967924140a0e2a48350f4dbb) Importer(815301076,1909f56bfc062723c751e8b465ee728b) (PreviewImporter) -> (artifact id: '23af0245f6f5201f7ddb8be846dfe51b') in 0.000546 seconds
Number of updated asset objects reloaded before import = 0Number of asset objects unloaded after import = 0

========================================================================
Received Import Request.
  Time since last request: 6.434644 seconds.
  path: Assets/FastMesh
  artifactKey: Guid(630bf273ddfba1b4bb312ace96458f7f) Importer(815301076,1909f56bfc062723c751e8b465ee728b)
Start importing Assets/FastMesh using Guid(630bf273ddfba1b4bb312ace96458f7f) Importer(815301076,1909f56bfc062723c751e8b465ee728b) (PreviewImporter) -> (artifact id: '2aeaa128fc8fe8fa7a8441c674a009c3') in 0.0004154 seconds
Number of updated asset objects reloaded before import = 0Number of asset objects unloaded after import = 0

========================================================================
Received Import Request.
  Time since last request: 2.591092 seconds.
  path: Assets/FastMesh/Materials
  artifactKey: Guid(b55d98b69403f164599408231a8bbfe2) Importer(815301076,1909f56bfc062723c751e8b465ee728b)
Start importing Assets/FastMesh/Materials using Guid(b55d98b69403f164599408231a8bbfe2) Importer(815301076,1909f56bfc062723c751e8b465ee728b) (PreviewImporter) -> (artifact id: '9b19ca6f47228f5549dbe30bfca6f6ab') in 0.0004403 seconds
Number of updated asset objects reloaded before import = 0Number of asset objects unloaded after import = 0

========================================================================
Received Import Request.
  Time since last request: 4.896068 seconds.
  path: Assets/FastMesh/Scripts
  artifactKey: Guid(6019d7c498bf0904383bd22d4a9da55f) Importer(815301076,1909f56bfc062723c751e8b465ee728b)
Start importing Assets/FastMesh/Scripts using Guid(6019d7c498bf0904383bd22d4a9da55f) Importer(815301076,1909f56bfc062723c751e8b465ee728b) (PreviewImporter) -> (artifact id: '1e399e9f5a4e35fecd896fce625c3f06') in 0.0004098 seconds
Number of updated asset objects reloaded before import = 0Number of asset objects unloaded after import = 0

========================================================================
Received Import Request.
  Time since last request: 1.798970 seconds.
  path: Assets/FastMesh/Meshs
  artifactKey: Guid(bece4760b54542443b65fab4fa91d264) Importer(815301076,1909f56bfc062723c751e8b465ee728b)
Start importing Assets/FastMesh/Meshs using Guid(bece4760b54542443b65fab4fa91d264) Importer(815301076,1909f56bfc062723c751e8b465ee728b) (PreviewImporter) -> (artifact id: 'f0f536a06aed81756de1511a5c11c439') in 0.0005482 seconds
Number of updated asset objects reloaded before import = 0Number of asset objects unloaded after import = 0

========================================================================
Received Import Request.
  Time since last request: 0.869410 seconds.
  path: Assets/FastMesh/Meshs/Road
  artifactKey: Guid(187c80a3ab470fe479eeae11c0f982be) Importer(815301076,1909f56bfc062723c751e8b465ee728b)
Start importing Assets/FastMesh/Meshs/Road using Guid(187c80a3ab470fe479eeae11c0f982be) Importer(815301076,1909f56bfc062723c751e8b465ee728b) (PreviewImporter) -> (artifact id: '7124a3e274d9b1775bff9dd9ac58733f') in 0.0004702 seconds
Number of updated asset objects reloaded before import = 0Number of asset objects unloaded after import = 0

========================================================================
Received Import Request.
  Time since last request: 17.121896 seconds.
  path: Assets/Prefab
  artifactKey: Guid(2c224e29464e4514db74890c0944f776) Importer(815301076,1909f56bfc062723c751e8b465ee728b)
Start importing Assets/Prefab using Guid(2c224e29464e4514db74890c0944f776) Importer(815301076,1909f56bfc062723c751e8b465ee728b) (PreviewImporter) -> (artifact id: 'c8eeea3303881a1491bbbbd11681317c') in 0.0004218 seconds
Number of updated asset objects reloaded before import = 0Number of asset objects unloaded after import = 0

========================================================================
Received Import Request.
  Time since last request: 1.901550 seconds.
  path: Assets/Scenes
  artifactKey: Guid(9c53962885c2c4f449125a979d6ad240) Importer(815301076,1909f56bfc062723c751e8b465ee728b)
Start importing Assets/Scenes using Guid(9c53962885c2c4f449125a979d6ad240) Importer(815301076,1909f56bfc062723c751e8b465ee728b) (PreviewImporter) -> (artifact id: 'ae1af5c61b2fd4bcacfc65f55f013a75') in 0.0004131 seconds
Number of updated asset objects reloaded before import = 0Number of asset objects unloaded after import = 0

========================================================================
Received Import Request.
  Time since last request: 1.984415 seconds.
  path: Assets/Scenes/judging board_test
  artifactKey: Guid(0a817248e76dfce4b955fec96c1ecdcd) Importer(815301076,1909f56bfc062723c751e8b465ee728b)
Start importing Assets/Scenes/judging board_test using Guid(0a817248e76dfce4b955fec96c1ecdcd) Importer(815301076,1909f56bfc062723c751e8b465ee728b) (PreviewImporter) -> (artifact id: '3508554873983fa6ced72be4720e3ed4') in 0.0004183 seconds
Number of updated asset objects reloaded before import = 0Number of asset objects unloaded after import = 0

========================================================================
Received Import Request.
  Time since last request: 1.664534 seconds.
  path: Assets/Scenes/judging board_test/judging board_script.cs
  artifactKey: Guid(d7481ed0e763fc645bff557e63d2c36f) Importer(815301076,1909f56bfc062723c751e8b465ee728b)
Start importing Assets/Scenes/judging board_test/judging board_script.cs using Guid(d7481ed0e763fc645bff557e63d2c36f) Importer(815301076,1909f56bfc062723c751e8b465ee728b) (PreviewImporter) -> (artifact id: 'd643900e6ba72374d29b7adb69837fd8') in 0.0005047 seconds
Number of updated asset objects reloaded before import = 0Number of asset objects unloaded after import = 0

========================================================================
Received Prepare
Begin MonoManager ReloadAssembly
- Loaded All Assemblies, in  0.457 seconds
Refreshing native plugins compatible for Editor in 0.88 ms, found 4 plugins.
Native extension for WindowsStandalone target not found
[Package Manager] Failed to launch server process. Reason: Unity was launched with the -noUpm command-line argument
[Package Manager] Unable to send message (not connected to server process).
[Package Manager] Cannot connect to Unity Package Manager local server
Mono: successfully reloaded assembly
- Finished resetting the current domain, in  0.441 seconds
Domain Reload Profiling: 899ms
	BeginReloadAssembly (114ms)
		ExecutionOrderSort (0ms)
		DisableScriptedObjects (3ms)
		BackupInstance (0ms)
		ReleaseScriptingObjects (0ms)
		CreateAndSetChildDomain (29ms)
	RebuildCommonClasses (24ms)
	RebuildNativeTypeToScriptingClass (8ms)
	initialDomainReloadingComplete (27ms)
	LoadAllAssembliesAndSetupDomain (283ms)
		LoadAssemblies (206ms)
		RebuildTransferFunctionScriptingTraits (0ms)
		AnalyzeDomain (119ms)
			TypeCache.Refresh (5ms)
				TypeCache.ScanAssembly (0ms)
			BuildScriptInfoCaches (104ms)
			ResolveRequiredComponents (6ms)
	FinalizeReload (441ms)
		ReleaseScriptCaches (0ms)
		RebuildScriptCaches (0ms)
		SetupLoadedEditorAssemblies (338ms)
			LogAssemblyErrors (0ms)
			InitializePlatformSupportModulesInManaged (2ms)
			SetLoadedEditorAssemblies (5ms)
			BeforeProcessingInitializeOnLoad (69ms)
			ProcessInitializeOnLoadAttributes (227ms)
			ProcessInitializeOnLoadMethodAttributes (32ms)
			AfterProcessingInitializeOnLoad (3ms)
			EditorAssembliesLoaded (0ms)
		ExecutionOrderSort2 (0ms)
		AwakeInstancesAfterBackupRestoration (9ms)
Refreshing native plugins compatible for Editor in 0.94 ms, found 4 plugins.
Preloading 0 native plugins for Editor in 0.00 ms.
Unloading 13 Unused Serialized files (Serialized files now loaded: 0)
Unloading 6425 unused Assets / (3.9 MB). Loaded Objects now: 7146.
Memory consumption went from 152.0 MB to 148.0 MB.
Total: 4.446700 ms (FindLiveObjects: 0.369700 ms CreateObjectMapping: 0.214100 ms MarkObjects: 2.674100 ms  DeleteObjects: 1.188100 ms)

Prepare: number of updated asset objects reloaded= 0
========================================================================
Received Prepare
Begin MonoManager ReloadAssembly
- Loaded All Assemblies, in  0.453 seconds
Refreshing native plugins compatible for Editor in 3.37 ms, found 4 plugins.
Native extension for WindowsStandalone target not found
[Package Manager] Failed to launch server process. Reason: Unity was launched with the -noUpm command-line argument
[Package Manager] Unable to send message (not connected to server process).
[Package Manager] Cannot connect to Unity Package Manager local server
Mono: successfully reloaded assembly
- Finished resetting the current domain, in  0.463 seconds
Domain Reload Profiling: 917ms
	BeginReloadAssembly (114ms)
		ExecutionOrderSort (0ms)
		DisableScriptedObjects (3ms)
		BackupInstance (0ms)
		ReleaseScriptingObjects (0ms)
		CreateAndSetChildDomain (31ms)
	RebuildCommonClasses (23ms)
	RebuildNativeTypeToScriptingClass (8ms)
	initialDomainReloadingComplete (22ms)
	LoadAllAssembliesAndSetupDomain (286ms)
		LoadAssemblies (203ms)
		RebuildTransferFunctionScriptingTraits (0ms)
		AnalyzeDomain (123ms)
			TypeCache.Refresh (6ms)
				TypeCache.ScanAssembly (0ms)
			BuildScriptInfoCaches (107ms)
			ResolveRequiredComponents (6ms)
	FinalizeReload (463ms)
		ReleaseScriptCaches (0ms)
		RebuildScriptCaches (0ms)
		SetupLoadedEditorAssemblies (356ms)
			LogAssemblyErrors (0ms)
			InitializePlatformSupportModulesInManaged (2ms)
			SetLoadedEditorAssemblies (4ms)
			BeforeProcessingInitializeOnLoad (76ms)
			ProcessInitializeOnLoadAttributes (240ms)
			ProcessInitializeOnLoadMethodAttributes (32ms)
			AfterProcessingInitializeOnLoad (3ms)
			EditorAssembliesLoaded (0ms)
		ExecutionOrderSort2 (0ms)
		AwakeInstancesAfterBackupRestoration (10ms)
Refreshing native plugins compatible for Editor in 0.98 ms, found 4 plugins.
Preloading 0 native plugins for Editor in 0.00 ms.
Unloading 13 Unused Serialized files (Serialized files now loaded: 0)
Unloading 6425 unused Assets / (4.0 MB). Loaded Objects now: 7149.
Memory consumption went from 152.0 MB to 147.9 MB.
Total: 7.918000 ms (FindLiveObjects: 0.400900 ms CreateObjectMapping: 0.226800 ms MarkObjects: 5.973400 ms  DeleteObjects: 1.315800 ms)

Prepare: number of updated asset objects reloaded= 0
========================================================================
Received Prepare
Refreshing native plugins compatible for Editor in 1.18 ms, found 4 plugins.
Preloading 0 native plugins for Editor in 0.00 ms.
Unloading 13 Unused Serialized files (Serialized files now loaded: 0)
Unloading 6413 unused Assets / (4.0 MB). Loaded Objects now: 7149.
Memory consumption went from 152.1 MB to 148.1 MB.
Total: 8.092400 ms (FindLiveObjects: 0.814900 ms CreateObjectMapping: 0.359300 ms MarkObjects: 4.814100 ms  DeleteObjects: 2.102800 ms)

Prepare: number of updated asset objects reloaded= 0
========================================================================
Received Prepare
Begin MonoManager ReloadAssembly
- Loaded All Assemblies, in  0.457 seconds
Refreshing native plugins compatible for Editor in 0.85 ms, found 4 plugins.
Native extension for WindowsStandalone target not found
[Package Manager] Failed to launch server process. Reason: Unity was launched with the -noUpm command-line argument
[Package Manager] Unable to send message (not connected to server process).
[Package Manager] Cannot connect to Unity Package Manager local server
Mono: successfully reloaded assembly
- Finished resetting the current domain, in  0.439 seconds
Domain Reload Profiling: 898ms
	BeginReloadAssembly (112ms)
		ExecutionOrderSort (0ms)
		DisableScriptedObjects (3ms)
		BackupInstance (0ms)
		ReleaseScriptingObjects (0ms)
		CreateAndSetChildDomain (26ms)
	RebuildCommonClasses (23ms)
	RebuildNativeTypeToScriptingClass (8ms)
	initialDomainReloadingComplete (18ms)
	LoadAllAssembliesAndSetupDomain (298ms)
		LoadAssemblies (214ms)
		RebuildTransferFunctionScriptingTraits (0ms)
		AnalyzeDomain (125ms)
			TypeCache.Refresh (7ms)
				TypeCache.ScanAssembly (1ms)
			BuildScriptInfoCaches (107ms)
			ResolveRequiredComponents (6ms)
	FinalizeReload (439ms)
		ReleaseScriptCaches (0ms)
		RebuildScriptCaches (0ms)
		SetupLoadedEditorAssemblies (341ms)
			LogAssemblyErrors (0ms)
			InitializePlatformSupportModulesInManaged (2ms)
			SetLoadedEditorAssemblies (3ms)
			BeforeProcessingInitializeOnLoad (75ms)
			ProcessInitializeOnLoadAttributes (228ms)
			ProcessInitializeOnLoadMethodAttributes (29ms)
			AfterProcessingInitializeOnLoad (3ms)
			EditorAssembliesLoaded (0ms)
		ExecutionOrderSort2 (0ms)
		AwakeInstancesAfterBackupRestoration (9ms)
Refreshing native plugins compatible for Editor in 0.97 ms, found 4 plugins.
Preloading 0 native plugins for Editor in 0.00 ms.
Unloading 13 Unused Serialized files (Serialized files now loaded: 0)
Unloading 6425 unused Assets / (4.0 MB). Loaded Objects now: 7152.
Memory consumption went from 152.0 MB to 148.0 MB.
Total: 4.971200 ms (FindLiveObjects: 0.379400 ms CreateObjectMapping: 0.223900 ms MarkObjects: 3.089200 ms  DeleteObjects: 1.277700 ms)

Prepare: number of updated asset objects reloaded= 0
========================================================================
Received Prepare
Begin MonoManager ReloadAssembly
- Loaded All Assemblies, in  0.457 seconds
Refreshing native plugins compatible for Editor in 0.95 ms, found 4 plugins.
Native extension for WindowsStandalone target not found
[Package Manager] Failed to launch server process. Reason: Unity was launched with the -noUpm command-line argument
[Package Manager] Unable to send message (not connected to server process).
[Package Manager] Cannot connect to Unity Package Manager local server
Mono: successfully reloaded assembly
- Finished resetting the current domain, in  0.438 seconds
Domain Reload Profiling: 896ms
	BeginReloadAssembly (123ms)
		ExecutionOrderSort (0ms)
		DisableScriptedObjects (3ms)
		BackupInstance (0ms)
		ReleaseScriptingObjects (0ms)
		CreateAndSetChildDomain (32ms)
	RebuildCommonClasses (24ms)
	RebuildNativeTypeToScriptingClass (8ms)
	initialDomainReloadingComplete (17ms)
	LoadAllAssembliesAndSetupDomain (285ms)
		LoadAssemblies (202ms)
		RebuildTransferFunctionScriptingTraits (0ms)
		AnalyzeDomain (121ms)
			TypeCache.Refresh (6ms)
				TypeCache.ScanAssembly (0ms)
			BuildScriptInfoCaches (105ms)
			ResolveRequiredComponents (6ms)
	FinalizeReload (439ms)
		ReleaseScriptCaches (0ms)
		RebuildScriptCaches (0ms)
		SetupLoadedEditorAssemblies (341ms)
			LogAssemblyErrors (0ms)
			InitializePlatformSupportModulesInManaged (2ms)
			SetLoadedEditorAssemblies (4ms)
			BeforeProcessingInitializeOnLoad (69ms)
			ProcessInitializeOnLoadAttributes (221ms)
			ProcessInitializeOnLoadMethodAttributes (40ms)
			AfterProcessingInitializeOnLoad (4ms)
			EditorAssembliesLoaded (0ms)
		ExecutionOrderSort2 (0ms)
		AwakeInstancesAfterBackupRestoration (14ms)
Refreshing native plugins compatible for Editor in 0.91 ms, found 4 plugins.
Preloading 0 native plugins for Editor in 0.00 ms.
Unloading 13 Unused Serialized files (Serialized files now loaded: 0)
Unloading 6425 unused Assets / (3.9 MB). Loaded Objects now: 7155.
Memory consumption went from 152.1 MB to 148.2 MB.
Total: 4.695500 ms (FindLiveObjects: 0.389700 ms CreateObjectMapping: 0.240200 ms MarkObjects: 2.834000 ms  DeleteObjects: 1.231200 ms)

Prepare: number of updated asset objects reloaded= 0
========================================================================
Received Import Request.
  Time since last request: 1005.696242 seconds.
  path: Assets/object/Title/～完～.png
  artifactKey: Guid(bf28c7486317f284aaeaed262fcf27ac) Importer(815301076,1909f56bfc062723c751e8b465ee728b)
Start importing Assets/object/Title/～完～.png using Guid(bf28c7486317f284aaeaed262fcf27ac) Importer(815301076,1909f56bfc062723c751e8b465ee728b) (PreviewImporter) -> (artifact id: '2dd137439e3438c11cfbc4aaf5764ec1') in 0.0840799 seconds
Number of updated asset objects reloaded before import = 0Number of asset objects unloaded after import = 2

========================================================================
Received Import Request.
  Time since last request: 6.454618 seconds.
  path: Assets/object/Title/～完～.png
  artifactKey: Guid(bf28c7486317f284aaeaed262fcf27ac) Importer(815301076,1909f56bfc062723c751e8b465ee728b)
Start importing Assets/object/Title/～完～.png using Guid(bf28c7486317f284aaeaed262fcf27ac) Importer(815301076,1909f56bfc062723c751e8b465ee728b) (PreviewImporter) -> (artifact id: 'a28d0c1da3925fdc5bb2e98d29fd407e') in 0.0407089 seconds
Number of updated asset objects reloaded before import = 0Number of asset objects unloaded after import = 3

========================================================================
Received Import Request.
  Time since last request: 292.543180 seconds.
  path: Assets/object/Title/gauge_bar-square_white_01_512.png
  artifactKey: Guid(d6230ea7389f9e04fa4b56b1adddac10) Importer(815301076,1909f56bfc062723c751e8b465ee728b)
Start importing Assets/object/Title/gauge_bar-square_white_01_512.png using Guid(d6230ea7389f9e04fa4b56b1adddac10) Importer(815301076,1909f56bfc062723c751e8b465ee728b) (PreviewImporter) -> (artifact id: '1f05ea218723f6faba2444ca085d2ad3') in 0.0148682 seconds
Number of updated asset objects reloaded before import = 0Number of asset objects unloaded after import = 2

========================================================================
Received Import Request.
  Time since last request: 12.572969 seconds.
  path: Assets/object/Title/gauge_bar-square_white_01_512.png
  artifactKey: Guid(d6230ea7389f9e04fa4b56b1adddac10) Importer(815301076,1909f56bfc062723c751e8b465ee728b)
Start importing Assets/object/Title/gauge_bar-square_white_01_512.png using Guid(d6230ea7389f9e04fa4b56b1adddac10) Importer(815301076,1909f56bfc062723c751e8b465ee728b) (PreviewImporter) -> (artifact id: 'b3a85043eb6b901b259f61711c3ac745') in 0.1780938 seconds
Number of updated asset objects reloaded before import = 0Number of asset objects unloaded after import = 3

========================================================================
Received Import Request.
  Time since last request: 108.868331 seconds.
  path: Assets/object/Title/ic_system_flag_03_ff4444_512.png
  artifactKey: Guid(5e07b31c0b0104945819aaff14d94160) Importer(815301076,1909f56bfc062723c751e8b465ee728b)
Start importing Assets/object/Title/ic_system_flag_03_ff4444_512.png using Guid(5e07b31c0b0104945819aaff14d94160) Importer(815301076,1909f56bfc062723c751e8b465ee728b) (PreviewImporter) -> (artifact id: '004ef3ab88d0f99b0e87fdd4518b36e6') in 0.0144095 seconds
Number of updated asset objects reloaded before import = 0Number of asset objects unloaded after import = 2

========================================================================
Received Import Request.
  Time since last request: 2.541269 seconds.
  path: Assets/object/Title/ic_system_clock_02_000000_512.png
  artifactKey: Guid(e34bc9f676f398c49a0bb752a073e3c9) Importer(815301076,1909f56bfc062723c751e8b465ee728b)
Start importing Assets/object/Title/ic_system_clock_02_000000_512.png using Guid(e34bc9f676f398c49a0bb752a073e3c9) Importer(815301076,1909f56bfc062723c751e8b465ee728b) (PreviewImporter) -> (artifact id: '6b20b494009f88461cecba1101eea335') in 0.0081384 seconds
Number of updated asset objects reloaded before import = 0Number of asset objects unloaded after import = 2

========================================================================
Received Import Request.
  Time since last request: 6.890692 seconds.
  path: Assets/object/Title/ic_input_button-round_04_ffcc00_512.png
  artifactKey: Guid(1c1df8d252cf89b40aea07db62e9499c) Importer(815301076,1909f56bfc062723c751e8b465ee728b)
Start importing Assets/object/Title/ic_input_button-round_04_ffcc00_512.png using Guid(1c1df8d252cf89b40aea07db62e9499c) Importer(815301076,1909f56bfc062723c751e8b465ee728b) (PreviewImporter) -> (artifact id: '5be632cf8dd79b25f63168b9126701ea') in 0.0111393 seconds
Number of updated asset objects reloaded before import = 0Number of asset objects unloaded after import = 2

========================================================================
Received Import Request.
  Time since last request: 7.434918 seconds.
  path: Assets/object/Title/ic_input_button-round_04_ffcc00_512.png
  artifactKey: Guid(1c1df8d252cf89b40aea07db62e9499c) Importer(815301076,1909f56bfc062723c751e8b465ee728b)
Start importing Assets/object/Title/ic_input_button-round_04_ffcc00_512.png using Guid(1c1df8d252cf89b40aea07db62e9499c) Importer(815301076,1909f56bfc062723c751e8b465ee728b) (PreviewImporter) -> (artifact id: '27c019d08d2b743dea052bfb741a1459') in 0.0541406 seconds
Number of updated asset objects reloaded before import = 0Number of asset objects unloaded after import = 3

========================================================================
Received Import Request.
  Time since last request: 7.947773 seconds.
  path: Assets/object/Title/ic_system_clock_02_000000_512.png
  artifactKey: Guid(e34bc9f676f398c49a0bb752a073e3c9) Importer(815301076,1909f56bfc062723c751e8b465ee728b)
Start importing Assets/object/Title/ic_system_clock_02_000000_512.png using Guid(e34bc9f676f398c49a0bb752a073e3c9) Importer(815301076,1909f56bfc062723c751e8b465ee728b) (PreviewImporter) -> (artifact id: '9352d7ff136ea061ef5599f53e2ac03c') in 0.0163499 seconds
Number of updated asset objects reloaded before import = 0Number of asset objects unloaded after import = 3

========================================================================
Received Import Request.
  Time since last request: 7.130023 seconds.
  path: Assets/object/Title/ic_system_flag_03_ff4444_512.png
  artifactKey: Guid(5e07b31c0b0104945819aaff14d94160) Importer(815301076,1909f56bfc062723c751e8b465ee728b)
Start importing Assets/object/Title/ic_system_flag_03_ff4444_512.png using Guid(5e07b31c0b0104945819aaff14d94160) Importer(815301076,1909f56bfc062723c751e8b465ee728b) (PreviewImporter) -> (artifact id: '86476303a240a2886374fed3d540ce85') in 0.0137582 seconds
Number of updated asset objects reloaded before import = 0Number of asset objects unloaded after import = 3

========================================================================
Received Import Request.
  Time since last request: 136.775948 seconds.
  path: Assets/object/Kan/script/SyakaSyaka.cs
  artifactKey: Guid(35148a6034628a245adfc46b81e6a282) Importer(2089858483,192608db42251d675da83286b1cce702)
Start importing Assets/object/Kan/script/SyakaSyaka.cs using Guid(35148a6034628a245adfc46b81e6a282) Importer(2089858483,192608db42251d675da83286b1cce702) (ScriptedImporter) -> (artifact id: '410b44c6203c01e674cf49fde2d679eb') in 0.1404597 seconds
Number of updated asset objects reloaded before import = 0Number of asset objects unloaded after import = 0

========================================================================
Received Import Request.
  Time since last request: 0.000016 seconds.
  path: Assets/FastMesh/Materials/GreenDark.mat
  artifactKey: Guid(3fdf6524f7daca2438e3a5d6c137f39b) Importer(2089858483,192608db42251d675da83286b1cce702)
Start importing Assets/FastMesh/Materials/GreenDark.mat using Guid(3fdf6524f7daca2438e3a5d6c137f39b) Importer(2089858483,192608db42251d675da83286b1cce702) (ScriptedImporter) -> (artifact id: 'de21dce3ca30246b5b2f1432be58c187') in 0.0203684 seconds
Number of updated asset objects reloaded before import = 0Number of asset objects unloaded after import = 1

========================================================================
Received Import Request.
  Time since last request: 0.000017 seconds.
  path: Assets/FastMesh/Scripts
  artifactKey: Guid(6019d7c498bf0904383bd22d4a9da55f) Importer(2089858483,192608db42251d675da83286b1cce702)
Start importing Assets/FastMesh/Scripts using Guid(6019d7c498bf0904383bd22d4a9da55f) Importer(2089858483,192608db42251d675da83286b1cce702) (ScriptedImporter) -> (artifact id: 'bb3e368c4b79ef7e746e29b7769ac977') in 0.0130932 seconds
Number of updated asset objects reloaded before import = 0Number of asset objects unloaded after import = 1

========================================================================
Received Import Request.
  Time since last request: 0.000015 seconds.
  path: Assets/FastMesh/Meshs
  artifactKey: Guid(bece4760b54542443b65fab4fa91d264) Importer(2089858483,192608db42251d675da83286b1cce702)
Start importing Assets/FastMesh/Meshs using Guid(bece4760b54542443b65fab4fa91d264) Importer(2089858483,192608db42251d675da83286b1cce702) (ScriptedImporter) -> (artifact id: 'aefe6ec9f307f3298c6236de2d714871') in 0.0100519 seconds
Number of updated asset objects reloaded before import = 0Number of asset objects unloaded after import = 1

========================================================================
Received Import Request.
  Time since last request: 0.000022 seconds.
  path: Assets/AK Studio Art/Waste Can/Textures/Waste_Can_Mixed_AO.png
  artifactKey: Guid(0a93d0fd2b22e4345b805818cabde791) Importer(2089858483,192608db42251d675da83286b1cce702)
Start importing Assets/AK Studio Art/Waste Can/Textures/Waste_Can_Mixed_AO.png using Guid(0a93d0fd2b22e4345b805818cabde791) Importer(2089858483,192608db42251d675da83286b1cce702) (ScriptedImporter) -> (artifact id: '297d06e89c13889fd639bf18466ede91') in 0.032918 seconds
Number of updated asset objects reloaded before import = 0Number of asset objects unloaded after import = 1

========================================================================
Received Import Request.
  Time since last request: 0.000013 seconds.
  path: Assets/Hash Game studios/Trash Bag & Trash Box/Scripts/Core/Render/HighResScreenshot.cs
  artifactKey: Guid(e9bff439d4dac6d429417d206b075c43) Importer(2089858483,192608db42251d675da83286b1cce702)
Start importing Assets/Hash Game studios/Trash Bag & Trash Box/Scripts/Core/Render/HighResScreenshot.cs using Guid(e9bff439d4dac6d429417d206b075c43) Importer(2089858483,192608db42251d675da83286b1cce702) (ScriptedImporter) -> (artifact id: 'e8af605e2245ad213ae69376b9e6ebbe') in 0.009589 seconds
Number of updated asset objects reloaded before import = 0Number of asset objects unloaded after import = 0

========================================================================
Received Import Request.
  Time since last request: 0.000014 seconds.
  path: Assets/Hash Game studios/Trash Bag & Trash Box/Textures/Trash box 2/Aluminum/Trash can 2_Cap_Albedo.png
  artifactKey: Guid(8d8ace041085e3e4eae6d41ffdd0c295) Importer(2089858483,192608db42251d675da83286b1cce702)
Start importing Assets/Hash Game studios/Trash Bag & Trash Box/Textures/Trash box 2/Aluminum/Trash can 2_Cap_Albedo.png using Guid(8d8ace041085e3e4eae6d41ffdd0c295) Importer(2089858483,192608db42251d675da83286b1cce702) (ScriptedImporter) -> (artifact id: 'c78f10c72745c78522a6a8c54f7777ad') in 0.0204253 seconds
Number of updated asset objects reloaded before import = 0Number of asset objects unloaded after import = 1

========================================================================
Received Import Request.
  Time since last request: 0.000031 seconds.
  path: Assets/AK Studio Art/Waste Can/Materials/Waste_Can_Albedo_Gray.mat
  artifactKey: Guid(98662349449c41a4f8bd81b6b390105d) Importer(2089858483,192608db42251d675da83286b1cce702)
Start importing Assets/AK Studio Art/Waste Can/Materials/Waste_Can_Albedo_Gray.mat using Guid(98662349449c41a4f8bd81b6b390105d) Importer(2089858483,192608db42251d675da83286b1cce702) (ScriptedImporter) -> (artifact id: '85933f064a49ecaa7ae6eb75a11db867') in 0.0451675 seconds
Number of updated asset objects reloaded before import = 0Number of asset objects unloaded after import = 5

========================================================================
Received Import Request.
  Time since last request: 0.000011 seconds.
  path: Assets/FastMesh/Meshs/Road
  artifactKey: Guid(187c80a3ab470fe479eeae11c0f982be) Importer(2089858483,192608db42251d675da83286b1cce702)
Start importing Assets/FastMesh/Meshs/Road using Guid(187c80a3ab470fe479eeae11c0f982be) Importer(2089858483,192608db42251d675da83286b1cce702) (ScriptedImporter) -> (artifact id: '4de960a7af81215023c98bb561377da9') in 0.0091741 seconds
Number of updated asset objects reloaded before import = 0Number of asset objects unloaded after import = 1

========================================================================
Received Import Request.
  Time since last request: 0.000016 seconds.
  path: Assets/TextMesh Pro/Examples & Extras/Scripts
  artifactKey: Guid(c6bc2b94ae4fa414a9ef64090fa34773) Importer(2089858483,192608db42251d675da83286b1cce702)
Start importing Assets/TextMesh Pro/Examples & Extras/Scripts using Guid(c6bc2b94ae4fa414a9ef64090fa34773) Importer(2089858483,192608db42251d675da83286b1cce702) (ScriptedImporter) -> (artifact id: 'c0ea7168f61c5d27e983d3fb12d8e496') in 0.0151095 seconds
Number of updated asset objects reloaded before import = 0Number of asset objects unloaded after import = 1

========================================================================
Received Import Request.
  Time since last request: 0.000020 seconds.
  path: Assets/Hash Game studios/Trash Bag & Trash Box/Textures/Trash box 2/Aluminum/Trash can 2_Cap_Height.png
  artifactKey: Guid(1dd5f5d055dbf8b49810f55af57e0cbb) Importer(2089858483,192608db42251d675da83286b1cce702)
Start importing Assets/Hash Game studios/Trash Bag & Trash Box/Textures/Trash box 2/Aluminum/Trash can 2_Cap_Height.png using Guid(1dd5f5d055dbf8b49810f55af57e0cbb) Importer(2089858483,192608db42251d675da83286b1cce702) (ScriptedImporter) -> (artifact id: 'ce52d13088599b754890dc7bf8bb6c06') in 0.0153562 seconds
Number of updated asset objects reloaded before import = 0Number of asset objects unloaded after import = 1

========================================================================
Received Import Request.
  Time since last request: 0.000014 seconds.
  path: Assets/Hash Game studios/Trash Bag & Trash Box/Scripts/Core/Menu
  artifactKey: Guid(ef669e8f87f52144999b8f304b8169c9) Importer(2089858483,192608db42251d675da83286b1cce702)
Start importing Assets/Hash Game studios/Trash Bag & Trash Box/Scripts/Core/Menu using Guid(ef669e8f87f52144999b8f304b8169c9) Importer(2089858483,192608db42251d675da83286b1cce702) (ScriptedImporter) -> (artifact id: 'd3c80beea06a54a5b7b67a2c9e76ce94') in 0.0099238 seconds
Number of updated asset objects reloaded before import = 0Number of asset objects unloaded after import = 1

========================================================================
Received Import Request.
  Time since last request: 0.000015 seconds.
  path: Assets/Hash Game studios/Trash Bag & Trash Box/Textures/Trash box 2/Aluminum/Trash can 2_Box_Normal.png
  artifactKey: Guid(bfe759d2969cad14883dc03fb421c3e5) Importer(2089858483,192608db42251d675da83286b1cce702)
Start importing Assets/Hash Game studios/Trash Bag & Trash Box/Textures/Trash box 2/Aluminum/Trash can 2_Box_Normal.png using Guid(bfe759d2969cad14883dc03fb421c3e5) Importer(2089858483,192608db42251d675da83286b1cce702) (ScriptedImporter) -> (artifact id: '961ec91c0c714f8071d1decb2393a45d') in 0.020603 seconds
Number of updated asset objects reloaded before import = 0Number of asset objects unloaded after import = 1

========================================================================
Received Import Request.
  Time since last request: 0.000012 seconds.
  path: Assets/AK Studio Art/Waste Can/Textures/Waste_Can_MetallicSmoothness.png
  artifactKey: Guid(b3ed60fcaca84ec499b6bd286130ce8f) Importer(2089858483,192608db42251d675da83286b1cce702)
Start importing Assets/AK Studio Art/Waste Can/Textures/Waste_Can_MetallicSmoothness.png using Guid(b3ed60fcaca84ec499b6bd286130ce8f) Importer(2089858483,192608db42251d675da83286b1cce702) (ScriptedImporter) -> (artifact id: '1d66e7697271ad26335d59d9c82ff6fe') in 0.0140002 seconds
Number of updated asset objects reloaded before import = 0Number of asset objects unloaded after import = 1

========================================================================
Received Import Request.
  Time since last request: 0.000012 seconds.
  path: Assets/TextMesh Pro/Examples & Extras/Scripts/Benchmark03.cs
  artifactKey: Guid(a73109742c8d47ac822895a473300c29) Importer(2089858483,192608db42251d675da83286b1cce702)
Start importing Assets/TextMesh Pro/Examples & Extras/Scripts/Benchmark03.cs using Guid(a73109742c8d47ac822895a473300c29) Importer(2089858483,192608db42251d675da83286b1cce702) (ScriptedImporter) -> (artifact id: '09f8562217996ba4c5fe84fa0baa806e') in 0.0101961 seconds
Number of updated asset objects reloaded before import = 0Number of asset objects unloaded after import = 0

========================================================================
Received Import Request.
  Time since last request: 0.000012 seconds.
  path: Assets/object/Title/gauge_bar-square_white_01_512.png
  artifactKey: Guid(d6230ea7389f9e04fa4b56b1adddac10) Importer(2089858483,192608db42251d675da83286b1cce702)
Start importing Assets/object/Title/gauge_bar-square_white_01_512.png using Guid(d6230ea7389f9e04fa4b56b1adddac10) Importer(2089858483,192608db42251d675da83286b1cce702) (ScriptedImporter) -> (artifact id: '9f48547342c0f34b4e19abaa54e1b476') in 0.017185 seconds
Number of updated asset objects reloaded before import = 0Number of asset objects unloaded after import = 3

========================================================================
Received Import Request.
  Time since last request: 0.000012 seconds.
  path: Assets/AK Studio Art/Waste Can/Model 3d/Waste Can.fbx
  artifactKey: Guid(c61f62438f1fcef498c8b2411e2b67bb) Importer(2089858483,192608db42251d675da83286b1cce702)
Start importing Assets/AK Studio Art/Waste Can/Model 3d/Waste Can.fbx using Guid(c61f62438f1fcef498c8b2411e2b67bb) Importer(2089858483,192608db42251d675da83286b1cce702) (ScriptedImporter) -> (artifact id: '24333126cd485256d283a4e647ddaa74') in 0.0383282 seconds
Number of updated asset objects reloaded before import = 0Number of asset objects unloaded after import = 15

========================================================================
Received Import Request.
  Time since last request: 0.000022 seconds.
  path: Assets/Hash Game studios/Trash Bag & Trash Box/Scripts/Core/GameConfig
  artifactKey: Guid(76c1a817d2f552049ad455aedefb3e30) Importer(2089858483,192608db42251d675da83286b1cce702)
Start importing Assets/Hash Game studios/Trash Bag & Trash Box/Scripts/Core/GameConfig using Guid(76c1a817d2f552049ad455aedefb3e30) Importer(2089858483,192608db42251d675da83286b1cce702) (ScriptedImporter) -> (artifact id: 'd082da308a00a7fbbb467bf4a4f9cd96') in 0.0105945 seconds
Number of updated asset objects reloaded before import = 0Number of asset objects unloaded after import = 1

========================================================================
Received Import Request.
  Time since last request: 0.000016 seconds.
  path: Assets/Prefab/Waste Can (5) 1.prefab
  artifactKey: Guid(e3ffee52116279945b102b23b029755f) Importer(2089858483,192608db42251d675da83286b1cce702)
Start importing Assets/Prefab/Waste Can (5) 1.prefab using Guid(e3ffee52116279945b102b23b029755f) Importer(2089858483,192608db42251d675da83286b1cce702) (ScriptedImporter) -> (artifact id: '95a83a6304eb46ffc1a0588d0842aec0') in 0.0413769 seconds
Number of updated asset objects reloaded before import = 0Number of asset objects unloaded after import = 22

========================================================================
Received Import Request.
  Time since last request: 0.000016 seconds.
  path: Assets/Hash Game studios/Trash Bag & Trash Box/Materials/Trash box 2/Trash cap 2 AL mat.mat
  artifactKey: Guid(c74641ae153df1442b3cb1724a54ef69) Importer(2089858483,192608db42251d675da83286b1cce702)
Start importing Assets/Hash Game studios/Trash Bag & Trash Box/Materials/Trash box 2/Trash cap 2 AL mat.mat using Guid(c74641ae153df1442b3cb1724a54ef69) Importer(2089858483,192608db42251d675da83286b1cce702) (ScriptedImporter) -> (artifact id: '4379d299073ba45d68292915430acfbb') in 0.0263438 seconds
Number of updated asset objects reloaded before import = 0Number of asset objects unloaded after import = 6

========================================================================
Received Import Request.
  Time since last request: 0.000013 seconds.
  path: Assets/TextMesh Pro/Examples & Extras/Scripts/VertexShakeA.cs
  artifactKey: Guid(f7cfa58e417a46ea8889989684c2522e) Importer(2089858483,192608db42251d675da83286b1cce702)
Start importing Assets/TextMesh Pro/Examples & Extras/Scripts/VertexShakeA.cs using Guid(f7cfa58e417a46ea8889989684c2522e) Importer(2089858483,192608db42251d675da83286b1cce702) (ScriptedImporter) -> (artifact id: '396ced1286a7bea7e730020fb6cb5c0f') in 0.0104954 seconds
Number of updated asset objects reloaded before import = 0Number of asset objects unloaded after import = 0

========================================================================
Received Import Request.
  Time since last request: 0.000013 seconds.
  path: Assets/TextMesh Pro/Examples & Extras/Scripts/VertexColorCycler.cs
  artifactKey: Guid(91b8ba3d52e041fab2d0e0f169855539) Importer(2089858483,192608db42251d675da83286b1cce702)
Start importing Assets/TextMesh Pro/Examples & Extras/Scripts/VertexColorCycler.cs using Guid(91b8ba3d52e041fab2d0e0f169855539) Importer(2089858483,192608db42251d675da83286b1cce702) (ScriptedImporter) -> (artifact id: '30b4fd771b8eefaabe42350d7af40955') in 0.0102286 seconds
Number of updated asset objects reloaded before import = 0Number of asset objects unloaded after import = 0

========================================================================
Received Import Request.
  Time since last request: 0.000015 seconds.
  path: Assets/FastMesh/Meshs/Road/TrashCan.fbx
  artifactKey: Guid(3d838d5619a6248498e63a0578f4faf7) Importer(2089858483,192608db42251d675da83286b1cce702)
Start importing Assets/FastMesh/Meshs/Road/TrashCan.fbx using Guid(3d838d5619a6248498e63a0578f4faf7) Importer(2089858483,192608db42251d675da83286b1cce702) (ScriptedImporter) -> (artifact id: 'c4119606190ffb2303ff5af758d09233') in 0.016526 seconds
Number of updated asset objects reloaded before import = 0Number of asset objects unloaded after import = 24

========================================================================
Received Import Request.
  Time since last request: 0.000020 seconds.
  path: Assets/Scenes/judging board_test/judging board_script.cs
  artifactKey: Guid(d7481ed0e763fc645bff557e63d2c36f) Importer(2089858483,192608db42251d675da83286b1cce702)
Start importing Assets/Scenes/judging board_test/judging board_script.cs using Guid(d7481ed0e763fc645bff557e63d2c36f) Importer(2089858483,192608db42251d675da83286b1cce702) (ScriptedImporter) -> (artifact id: 'e75019bd77c71db8dbbfc418c0c8ace3') in 0.0098621 seconds
Number of updated asset objects reloaded before import = 0Number of asset objects unloaded after import = 0

========================================================================
Received Import Request.
  Time since last request: 0.000013 seconds.
  path: Assets/TextMesh Pro/Examples & Extras/Scripts/VertexZoom.cs
  artifactKey: Guid(52ec835d14bd486f900952b77698b7eb) Importer(2089858483,192608db42251d675da83286b1cce702)
Start importing Assets/TextMesh Pro/Examples & Extras/Scripts/VertexZoom.cs using Guid(52ec835d14bd486f900952b77698b7eb) Importer(2089858483,192608db42251d675da83286b1cce702) (ScriptedImporter) -> (artifact id: '19ca370c70c42eeebc5b719c44fb6279') in 0.0090961 seconds
Number of updated asset objects reloaded before import = 0Number of asset objects unloaded after import = 0

========================================================================
Received Import Request.
  Time since last request: 0.000012 seconds.
  path: Assets/TextMesh Pro/Examples & Extras/Scripts/TMP_TextEventHandler.cs
  artifactKey: Guid(1312ae25639a4bae8e25ae223209cc50) Importer(2089858483,192608db42251d675da83286b1cce702)
Start importing Assets/TextMesh Pro/Examples & Extras/Scripts/TMP_TextEventHandler.cs using Guid(1312ae25639a4bae8e25ae223209cc50) Importer(2089858483,192608db42251d675da83286b1cce702) (ScriptedImporter) -> (artifact id: 'a01ce1c34acde3e2764127bc35dbad5a') in 0.0128098 seconds
Number of updated asset objects reloaded before import = 0Number of asset objects unloaded after import = 0

========================================================================
Received Import Request.
  Time since last request: 0.000014 seconds.
  path: Assets/Hash Game studios/Trash Bag & Trash Box/Scripts/Core/Menu/MainMenu.cs
  artifactKey: Guid(c01fd9332210251438256c8b0d0a5cc0) Importer(2089858483,192608db42251d675da83286b1cce702)
Start importing Assets/Hash Game studios/Trash Bag & Trash Box/Scripts/Core/Menu/MainMenu.cs using Guid(c01fd9332210251438256c8b0d0a5cc0) Importer(2089858483,192608db42251d675da83286b1cce702) (ScriptedImporter) -> (artifact id: '4a6374d727d82fdc495eaae067b9e3b7') in 0.00953 seconds
Number of updated asset objects reloaded before import = 0Number of asset objects unloaded after import = 0

========================================================================
Received Import Request.
  Time since last request: 0.006574 seconds.
  path: Assets/Hash Game studios/Trash Bag & Trash Box/Scripts/Core
  artifactKey: Guid(16ccbbf335f985c48afd33c07b059046) Importer(2089858483,192608db42251d675da83286b1cce702)
Start importing Assets/Hash Game studios/Trash Bag & Trash Box/Scripts/Core using Guid(16ccbbf335f985c48afd33c07b059046) Importer(2089858483,192608db42251d675da83286b1cce702) (ScriptedImporter) -> (artifact id: '2f06bbebfb13dfce549e61a1709826ad') in 0.0102358 seconds
Number of updated asset objects reloaded before import = 0Number of asset objects unloaded after import = 1

========================================================================
Received Import Request.
  Time since last request: 0.000013 seconds.
  path: Assets/TextMesh Pro/Examples & Extras/Scripts/TextConsoleSimulator.cs
  artifactKey: Guid(43bcd35a1c0c40ccb6d472893fe2093f) Importer(2089858483,192608db42251d675da83286b1cce702)
Start importing Assets/TextMesh Pro/Examples & Extras/Scripts/TextConsoleSimulator.cs using Guid(43bcd35a1c0c40ccb6d472893fe2093f) Importer(2089858483,192608db42251d675da83286b1cce702) (ScriptedImporter) -> (artifact id: 'cc89760f545999511c1068b9b2eac24c') in 0.0091852 seconds
Number of updated asset objects reloaded before import = 0Number of asset objects unloaded after import = 0

========================================================================
Received Import Request.
  Time since last request: 0.000012 seconds.
  path: Assets/AK Studio Art/Waste Can
  artifactKey: Guid(0e9737cf89ff7b5429814c3fdfdbdfd5) Importer(2089858483,192608db42251d675da83286b1cce702)
Start importing Assets/AK Studio Art/Waste Can using Guid(0e9737cf89ff7b5429814c3fdfdbdfd5) Importer(2089858483,192608db42251d675da83286b1cce702) (ScriptedImporter) -> (artifact id: 'f68b884b3d25aa85b02f96d28827fa60') in 0.0093686 seconds
Number of updated asset objects reloaded before import = 0Number of asset objects unloaded after import = 1

========================================================================
Received Import Request.
  Time since last request: 0.000013 seconds.
  path: Assets/object/Title/～完～.png
  artifactKey: Guid(bf28c7486317f284aaeaed262fcf27ac) Importer(2089858483,192608db42251d675da83286b1cce702)
Start importing Assets/object/Title/～完～.png using Guid(bf28c7486317f284aaeaed262fcf27ac) Importer(2089858483,192608db42251d675da83286b1cce702) (ScriptedImporter) -> (artifact id: 'aa9a0247b6c9f13932ed5d332d8c0ec5') in 0.0182258 seconds
Number of updated asset objects reloaded before import = 0Number of asset objects unloaded after import = 3

========================================================================
Received Import Request.
  Time since last request: 0.000021 seconds.
  path: Assets/Hash Game studios/Trash Bag & Trash Box/Scripts/Core/Window
  artifactKey: Guid(992dae61c79432b4f8b0cf946830b501) Importer(2089858483,192608db42251d675da83286b1cce702)
Start importing Assets/Hash Game studios/Trash Bag & Trash Box/Scripts/Core/Window using Guid(992dae61c79432b4f8b0cf946830b501) Importer(2089858483,192608db42251d675da83286b1cce702) (ScriptedImporter) -> (artifact id: 'aa2932d792597f8b77404145c6e4bc6a') in 0.0100914 seconds
Number of updated asset objects reloaded before import = 0Number of asset objects unloaded after import = 1

========================================================================
Received Import Request.
  Time since last request: 0.000012 seconds.
  path: Assets/TextMesh Pro/Examples & Extras/Scripts/TMP_PhoneNumberValidator.cs
  artifactKey: Guid(83680ab1a69f4102ac67d1459fe76e1f) Importer(2089858483,192608db42251d675da83286b1cce702)
Start importing Assets/TextMesh Pro/Examples & Extras/Scripts/TMP_PhoneNumberValidator.cs using Guid(83680ab1a69f4102ac67d1459fe76e1f) Importer(2089858483,192608db42251d675da83286b1cce702) (ScriptedImporter) -> (artifact id: '7a4367bcf149be4756ed0249000ba326') in 0.0098848 seconds
Number of updated asset objects reloaded before import = 0Number of asset objects unloaded after import = 0

========================================================================
Received Import Request.
  Time since last request: 0.000015 seconds.
  path: Assets/TextMesh Pro/Examples & Extras/Scripts/TMP_TextSelector_A.cs
  artifactKey: Guid(103e0a6a1d404693b9fb1a5173e0e979) Importer(2089858483,192608db42251d675da83286b1cce702)
Start importing Assets/TextMesh Pro/Examples & Extras/Scripts/TMP_TextSelector_A.cs using Guid(103e0a6a1d404693b9fb1a5173e0e979) Importer(2089858483,192608db42251d675da83286b1cce702) (ScriptedImporter) -> (artifact id: 'c47a1855fa16806e5d8fe419d8e24074') in 0.011336 seconds
Number of updated asset objects reloaded before import = 0Number of asset objects unloaded after import = 0

========================================================================
Received Import Request.
  Time since last request: 0.000012 seconds.
  path: Assets/TextMesh Pro/Examples & Extras/Scripts/TMP_TextInfoDebugTool.cs
  artifactKey: Guid(21256c5b62f346f18640dad779911e20) Importer(2089858483,192608db42251d675da83286b1cce702)
Start importing Assets/TextMesh Pro/Examples & Extras/Scripts/TMP_TextInfoDebugTool.cs using Guid(21256c5b62f346f18640dad779911e20) Importer(2089858483,192608db42251d675da83286b1cce702) (ScriptedImporter) -> (artifact id: '3ea37b30a07f89c5955af3b39844275f') in 0.0143504 seconds
Number of updated asset objects reloaded before import = 0Number of asset objects unloaded after import = 0

========================================================================
Received Import Request.
  Time since last request: 0.000016 seconds.
  path: Assets/TextMesh Pro/Examples & Extras/Scripts/VertexJitter.cs
  artifactKey: Guid(2ed57967c52645d390a89dcf8f61ba73) Importer(2089858483,192608db42251d675da83286b1cce702)
Start importing Assets/TextMesh Pro/Examples & Extras/Scripts/VertexJitter.cs using Guid(2ed57967c52645d390a89dcf8f61ba73) Importer(2089858483,192608db42251d675da83286b1cce702) (ScriptedImporter) -> (artifact id: '48f69f77b9061e3aaa1822f356fc6f16') in 0.0121813 seconds
Number of updated asset objects reloaded before import = 0Number of asset objects unloaded after import = 0

========================================================================
Received Import Request.
  Time since last request: 0.000016 seconds.
  path: Assets/Prefab/Trash box 2 AL.prefab
  artifactKey: Guid(cd6c16f79bd3d6948b1d49658ee1eda0) Importer(2089858483,192608db42251d675da83286b1cce702)
Start importing Assets/Prefab/Trash box 2 AL.prefab using Guid(cd6c16f79bd3d6948b1d49658ee1eda0) Importer(2089858483,192608db42251d675da83286b1cce702) (ScriptedImporter) -> (artifact id: 'b1e2efc0efe534d3a50d044f9bd0fa34') in 0.0144725 seconds
Number of updated asset objects reloaded before import = 0Number of asset objects unloaded after import = 37

========================================================================
Received Import Request.
  Time since last request: 0.000022 seconds.
  path: Assets/TextMesh Pro/Examples & Extras/Scripts/Benchmark04.cs
  artifactKey: Guid(dc20866c0d5e413ab7559440e15333ae) Importer(2089858483,192608db42251d675da83286b1cce702)
Start importing Assets/TextMesh Pro/Examples & Extras/Scripts/Benchmark04.cs using Guid(dc20866c0d5e413ab7559440e15333ae) Importer(2089858483,192608db42251d675da83286b1cce702) (ScriptedImporter) -> (artifact id: 'da2b71ef08eb7ef672ae4e3b2f7b3c5c') in 0.01398 seconds
Number of updated asset objects reloaded before import = 0Number of asset objects unloaded after import = 0

========================================================================
Received Import Request.
  Time since last request: 0.000022 seconds.
  path: Assets/Hash Game studios/Trash Bag & Trash Box/Scripts/Core/GameConfig/Globals.cs
  artifactKey: Guid(60b5d331264c24c4597d45db179fdf5c) Importer(2089858483,192608db42251d675da83286b1cce702)
Start importing Assets/Hash Game studios/Trash Bag & Trash Box/Scripts/Core/GameConfig/Globals.cs using Guid(60b5d331264c24c4597d45db179fdf5c) Importer(2089858483,192608db42251d675da83286b1cce702) (ScriptedImporter) -> (artifact id: '55b4eb4c4850cf7eac28be59210282ed') in 0.0118402 seconds
Number of updated asset objects reloaded before import = 0Number of asset objects unloaded after import = 0

========================================================================
Received Import Request.
  Time since last request: 0.000018 seconds.
  path: Assets/TextMesh Pro/Examples & Extras/Scripts/TMP_ExampleScript_01.cs
  artifactKey: Guid(6f2c5b59b6874405865e2616e4ec276a) Importer(2089858483,192608db42251d675da83286b1cce702)
Start importing Assets/TextMesh Pro/Examples & Extras/Scripts/TMP_ExampleScript_01.cs using Guid(6f2c5b59b6874405865e2616e4ec276a) Importer(2089858483,192608db42251d675da83286b1cce702) (ScriptedImporter) -> (artifact id: '3ee1dc8162cb1589f7dd84394356efc3') in 0.0143104 seconds
Number of updated asset objects reloaded before import = 0Number of asset objects unloaded after import = 0

========================================================================
Received Import Request.
  Time since last request: 0.000020 seconds.
  path: Assets/Scenes/judging board_test
  artifactKey: Guid(0a817248e76dfce4b955fec96c1ecdcd) Importer(2089858483,192608db42251d675da83286b1cce702)
Start importing Assets/Scenes/judging board_test using Guid(0a817248e76dfce4b955fec96c1ecdcd) Importer(2089858483,192608db42251d675da83286b1cce702) (ScriptedImporter) -> (artifact id: 'a981728d4a68a37247274671e9308170') in 0.0094392 seconds
Number of updated asset objects reloaded before import = 0Number of asset objects unloaded after import = 1

========================================================================
Received Import Request.
  Time since last request: 0.000013 seconds.
  path: Assets/TextMesh Pro/Examples & Extras/Scripts/TMP_TextEventCheck.cs
  artifactKey: Guid(d736ce056cf444ca96e424f4d9c42b76) Importer(2089858483,192608db42251d675da83286b1cce702)
Start importing Assets/TextMesh Pro/Examples & Extras/Scripts/TMP_TextEventCheck.cs using Guid(d736ce056cf444ca96e424f4d9c42b76) Importer(2089858483,192608db42251d675da83286b1cce702) (ScriptedImporter) -> (artifact id: '89a2bb8a8052cf468d6575d4ec3a7128') in 0.0131849 seconds
Number of updated asset objects reloaded before import = 0Number of asset objects unloaded after import = 0

========================================================================
Received Import Request.
  Time since last request: 0.000016 seconds.
  path: Assets/FastMesh/Scripts/SceneViewText.cs
  artifactKey: Guid(9549876df73b7e04bac73492fd5b95c4) Importer(2089858483,192608db42251d675da83286b1cce702)
Start importing Assets/FastMesh/Scripts/SceneViewText.cs using Guid(9549876df73b7e04bac73492fd5b95c4) Importer(2089858483,192608db42251d675da83286b1cce702) (ScriptedImporter) -> (artifact id: '7ef2d6681aacfb119a1025b326190c84') in 0.0118817 seconds
Number of updated asset objects reloaded before import = 0Number of asset objects unloaded after import = 0

========================================================================
Received Import Request.
  Time since last request: 0.000016 seconds.
  path: Assets/TextMesh Pro/Examples & Extras/Scripts/Benchmark01.cs
  artifactKey: Guid(f970ea55f9f84bf79b05dab180b8c125) Importer(2089858483,192608db42251d675da83286b1cce702)
Start importing Assets/TextMesh Pro/Examples & Extras/Scripts/Benchmark01.cs using Guid(f970ea55f9f84bf79b05dab180b8c125) Importer(2089858483,192608db42251d675da83286b1cce702) (ScriptedImporter) -> (artifact id: '89da6300134f47552a297008246f6b5c') in 0.0109394 seconds
Number of updated asset objects reloaded before import = 0Number of asset objects unloaded after import = 0

========================================================================
Received Import Request.
  Time since last request: 0.000016 seconds.
  path: Assets/Hash Game studios
  artifactKey: Guid(100b8fcbe8f2b10409e3c0c442dde5ae) Importer(2089858483,192608db42251d675da83286b1cce702)
Start importing Assets/Hash Game studios using Guid(100b8fcbe8f2b10409e3c0c442dde5ae) Importer(2089858483,192608db42251d675da83286b1cce702) (ScriptedImporter) -> (artifact id: '4510eb542f005b0cc19efb7016f9b6af') in 0.1447848 seconds
Number of updated asset objects reloaded before import = 0Number of asset objects unloaded after import = 1

========================================================================
Received Import Request.
  Time since last request: 0.000024 seconds.
  path: Assets/TextMesh Pro/Examples & Extras/Scripts/Benchmark02.cs
  artifactKey: Guid(e8538afcddc14efbb5d9e94b7ae50197) Importer(2089858483,192608db42251d675da83286b1cce702)
Start importing Assets/TextMesh Pro/Examples & Extras/Scripts/Benchmark02.cs using Guid(e8538afcddc14efbb5d9e94b7ae50197) Importer(2089858483,192608db42251d675da83286b1cce702) (ScriptedImporter) -> (artifact id: 'adc3ba450d97327bdfd42d45425d8bec') in 0.0108688 seconds
Number of updated asset objects reloaded before import = 0Number of asset objects unloaded after import = 0

========================================================================
Received Import Request.
  Time since last request: 0.000015 seconds.
  path: Assets/Scenes/scoreUI_test/script_test1.cs
  artifactKey: Guid(8e6f0af552d9e784f8b704b466d51f19) Importer(2089858483,192608db42251d675da83286b1cce702)
Start importing Assets/Scenes/scoreUI_test/script_test1.cs using Guid(8e6f0af552d9e784f8b704b466d51f19) Importer(2089858483,192608db42251d675da83286b1cce702) (ScriptedImporter) -> (artifact id: '04a204a25640cb139c41048e00aec6cb') in 0.0100398 seconds
Number of updated asset objects reloaded before import = 0Number of asset objects unloaded after import = 0

========================================================================
Received Import Request.
  Time since last request: 0.000017 seconds.
  path: Assets/Hash Game studios/Trash Bag & Trash Box/Scripts/Core/Window/TextWindow.cs
  artifactKey: Guid(273a8239dd9af2741876eb42ace95427) Importer(2089858483,192608db42251d675da83286b1cce702)
Start importing Assets/Hash Game studios/Trash Bag & Trash Box/Scripts/Core/Window/TextWindow.cs using Guid(273a8239dd9af2741876eb42ace95427) Importer(2089858483,192608db42251d675da83286b1cce702) (ScriptedImporter) -> (artifact id: '3dccb0b36e9f1115283f945980da4cee') in 0.0116711 seconds
Number of updated asset objects reloaded before import = 0Number of asset objects unloaded after import = 0

========================================================================
Received Import Request.
  Time since last request: 0.000014 seconds.
  path: Assets/Hash Game studios/Trash Bag & Trash Box/Textures/Trash box 2/Aluminum/Trash can 2_Cap_Metalic.png
  artifactKey: Guid(b2dea2333f2610e4199cd6330abd04f8) Importer(2089858483,192608db42251d675da83286b1cce702)
Start importing Assets/Hash Game studios/Trash Bag & Trash Box/Textures/Trash box 2/Aluminum/Trash can 2_Cap_Metalic.png using Guid(b2dea2333f2610e4199cd6330abd04f8) Importer(2089858483,192608db42251d675da83286b1cce702) (ScriptedImporter) -> (artifact id: 'c76c205b3a06113a55f7aacf21da719c') in 0.0197119 seconds
Number of updated asset objects reloaded before import = 0Number of asset objects unloaded after import = 1

========================================================================
Received Import Request.
  Time since last request: 0.000013 seconds.
  path: Assets/TextMesh Pro/Examples & Extras/Scripts/SimpleScript.cs
  artifactKey: Guid(9eff140b25d64601aabc6ba32245d099) Importer(2089858483,192608db42251d675da83286b1cce702)
Start importing Assets/TextMesh Pro/Examples & Extras/Scripts/SimpleScript.cs using Guid(9eff140b25d64601aabc6ba32245d099) Importer(2089858483,192608db42251d675da83286b1cce702) (ScriptedImporter) -> (artifact id: '18ec9ce2cf0af8d70406ff2bf851c45f') in 0.0121314 seconds
Number of updated asset objects reloaded before import = 0Number of asset objects unloaded after import = 0

========================================================================
Received Import Request.
  Time since last request: 0.000015 seconds.
  path: Assets/TextMesh Pro/Examples & Extras/Scripts/ObjectSpin.cs
  artifactKey: Guid(4f19c7f94c794c5097d8bd11e39c750d) Importer(2089858483,192608db42251d675da83286b1cce702)
Start importing Assets/TextMesh Pro/Examples & Extras/Scripts/ObjectSpin.cs using Guid(4f19c7f94c794c5097d8bd11e39c750d) Importer(2089858483,192608db42251d675da83286b1cce702) (ScriptedImporter) -> (artifact id: '0cb0475e341c5faf0aef79ff78d13050') in 0.0108902 seconds
Number of updated asset objects reloaded before import = 0Number of asset objects unloaded after import = 0

========================================================================
Received Import Request.
  Time since last request: 0.000023 seconds.
  path: Assets/Prefab/TrashCan.prefab
  artifactKey: Guid(1d6e92519427fe54a9ed78ef2cde9516) Importer(2089858483,192608db42251d675da83286b1cce702)
Start importing Assets/Prefab/TrashCan.prefab using Guid(1d6e92519427fe54a9ed78ef2cde9516) Importer(2089858483,192608db42251d675da83286b1cce702) (ScriptedImporter) -> (artifact id: '7ba0957d785ebb81a2cb4bb19d26332f') in 0.0135949 seconds
Number of updated asset objects reloaded before import = 0Number of asset objects unloaded after import = 30

========================================================================
Received Import Request.
  Time since last request: 0.000028 seconds.
  path: Assets/TextMesh Pro/Examples & Extras/Scripts/CameraController.cs
  artifactKey: Guid(2d687537154440a3913a9a3c7977978c) Importer(2089858483,192608db42251d675da83286b1cce702)
Start importing Assets/TextMesh Pro/Examples & Extras/Scripts/CameraController.cs using Guid(2d687537154440a3913a9a3c7977978c) Importer(2089858483,192608db42251d675da83286b1cce702) (ScriptedImporter) -> (artifact id: 'a38ba4611cab0597d4c022aa3394c7a1') in 0.0124276 seconds
Number of updated asset objects reloaded before import = 0Number of asset objects unloaded after import = 0

========================================================================
Received Import Request.
  Time since last request: 529.301282 seconds.
  path: Assets/Hash Game studios/Trash Bag & Trash Box/Materials/Trash box 2/Trash cap 2 AL mat.mat
  artifactKey: Guid(c74641ae153df1442b3cb1724a54ef69) Importer(2089858483,192608db42251d675da83286b1cce702)
Start importing Assets/Hash Game studios/Trash Bag & Trash Box/Materials/Trash box 2/Trash cap 2 AL mat.mat using Guid(c74641ae153df1442b3cb1724a54ef69) Importer(2089858483,192608db42251d675da83286b1cce702) (ScriptedImporter) -> (artifact id: 'ed3843d04a47a998a4f46fea2a476dda') in 0.029735 seconds
Number of updated asset objects reloaded before import = 0Number of asset objects unloaded after import = 6

========================================================================
Received Import Request.
  Time since last request: 0.000019 seconds.
  path: Assets/TextMesh Pro/Resources/Fonts & Materials/LiberationSans SDF.asset
  artifactKey: Guid(8f586378b4e144a9851e7b34d9b748ee) Importer(2089858483,192608db42251d675da83286b1cce702)
Start importing Assets/TextMesh Pro/Resources/Fonts & Materials/LiberationSans SDF.asset using Guid(8f586378b4e144a9851e7b34d9b748ee) Importer(2089858483,192608db42251d675da83286b1cce702) (ScriptedImporter) -> (artifact id: '5ab78973ed3c6377f3c5e861e6babdd1') in 0.0519769 seconds
Number of updated asset objects reloaded before import = 0Number of asset objects unloaded after import = 8

Editor requested this worker to shutdown with reason: Scaling down because of idle timeout
AssetImportWorker is now disconnected from the server
Process exiting
Exiting without the bug reporter. Application will terminate with return code 0