Using pre-set license
Built from '6000.0/respin/6000.0.59f1-063c55f2fd0f' branch; Version is '6000.0.59f2 (ef281c76c3c1) revision 15673372'; Using compiler version '193933523'; Build Type 'Release'
OS: 'Windows 11  (10.0.26200) 64bit Professional' Language: 'ja' Physical Memory: 32486 MB
BatchMode: 1, IsHumanControllingUs: 0, StartBugReporterOnCrash: 0, Is64bit: 1
Date: 2026-04-15T05:06:00Z

COMMAND LINE ARGUMENTS:
C:\Program Files\Unity\Hub\Editor\6000.0.59f2-x86_64\Editor\Unity.exe
-adb2
-batchMode
-noUpm
-name
AssetImportWorker9
-projectPath
C:/Users/student/Documents/GitHub/assignment2-uic-tickets/Project/tickets
-logFile
Logs/AssetImportWorker9.log
-srvPort
63071
-job-worker-count
11
-background-job-worker-count
8
-gc-helper-count
1
-name
AssetImport
Successfully changed project path to: C:/Users/student/Documents/GitHub/assignment2-uic-tickets/Project/tickets
C:/Users/student/Documents/GitHub/assignment2-uic-tickets/Project/tickets
[UnityMemory] Configuration Parameters - Can be set up in boot.config
    "memorysetup-bucket-allocator-granularity=16"
    "memorysetup-bucket-allocator-bucket-count=8"
    "memorysetup-bucket-allocator-block-size=33554432"
    "memorysetup-bucket-allocator-block-count=8"
    "memorysetup-main-allocator-block-size=16777216"
    "memorysetup-thread-allocator-block-size=16777216"
    "memorysetup-gfx-main-allocator-block-size=16777216"
    "memorysetup-gfx-thread-allocator-block-size=16777216"
    "memorysetup-cache-allocator-block-size=4194304"
    "memorysetup-typetree-allocator-block-size=2097152"
    "memorysetup-profiler-bucket-allocator-granularity=16"
    "memorysetup-profiler-bucket-allocator-bucket-count=8"
    "memorysetup-profiler-bucket-allocator-block-size=33554432"
    "memorysetup-profiler-bucket-allocator-block-count=8"
    "memorysetup-profiler-allocator-block-size=16777216"
    "memorysetup-profiler-editor-allocator-block-size=1048576"
    "memorysetup-temp-allocator-size-main=16777216"
    "memorysetup-job-temp-allocator-block-size=2097152"
    "memorysetup-job-temp-allocator-block-size-background=1048576"
    "memorysetup-job-temp-allocator-reduction-small-platforms=262144"
    "memorysetup-allocator-temp-initial-block-size-main=262144"
    "memorysetup-allocator-temp-initial-block-size-worker=262144"
    "memorysetup-temp-allocator-size-background-worker=32768"
    "memorysetup-temp-allocator-size-job-worker=262144"
    "memorysetup-temp-allocator-size-preload-manager=33554432"
    "memorysetup-temp-allocator-size-nav-mesh-worker=65536"
    "memorysetup-temp-allocator-size-audio-worker=65536"
    "memorysetup-temp-allocator-size-cloud-worker=32768"
    "memorysetup-temp-allocator-size-gi-baking-worker=262144"
    "memorysetup-temp-allocator-size-gi-baking-worker=262144"
    "memorysetup-temp-allocator-size-gi-baking-worker=262144"
    "memorysetup-temp-allocator-size-gi-baking-worker=262144"
    "memorysetup-temp-allocator-size-gi-baking-worker=262144"
    "memorysetup-temp-allocator-size-gfx=262144"
Player connection [19620]  Target information:

Player connection [19620]  * "[IP] 10.204.97.26 [Port] 0 [Flags] 2 [Guid] 3853277785 [EditorId] 3853277785 [Version] 1048832 [Id] WindowsEditor(7,PC-U24-G15) [Debug] 1 [PackageName] WindowsEditor [ProjectName] Editor" 

Player connection [19620] Host joined multi-casting on [225.0.0.222:54997]...
Player connection [19620] Host joined alternative multi-casting on [225.0.0.222:34997]...
JobSystem: Creating JobQueue using job-worker-count value 11
Input System module state changed to: Initialized.
[Physics::Module] Initialized fallback backend.
[Physics::Module] Id: 0xdecafbad
Library Redirect Path: Library/
[Physics::Module] Selected backend.
[Physics::Module] Name: PhysX
[Physics::Module] Id: 0xf2b8ea05
[Physics::Module] SDK Version: 4.1.2
[Physics::Module] Integration Version: 1.0.0
[Physics::Module] Threading Mode: Multi-Threaded
Refreshing native plugins compatible for Editor in 2.22 ms, found 4 plugins.
Preloading 0 native plugins for Editor in 0.00 ms.
Initialize engine version: 6000.0.59f2 (ef281c76c3c1)
[Subsystems] Discovering subsystems at path C:/Program Files/Unity/Hub/Editor/6000.0.59f2-x86_64/Editor/Data/Resources/UnitySubsystems
[Subsystems] Discovering subsystems at path C:/Users/student/Documents/GitHub/assignment2-uic-tickets/Project/tickets/Assets
GfxDevice: creating device client; kGfxThreadingModeNonThreaded
Direct3D:
    Version:  Direct3D 11.0 [level 11.1]
    Renderer: NVIDIA GeForce RTX 4060 Ti (ID=0x2803)
    Vendor:   NVIDIA
    VRAM:     7949 MB
    Driver:   32.0.15.8195
Initialize mono
Mono path[0] = 'C:/Program Files/Unity/Hub/Editor/6000.0.59f2-x86_64/Editor/Data/Managed'
Mono path[1] = 'C:/Program Files/Unity/Hub/Editor/6000.0.59f2-x86_64/Editor/Data/MonoBleedingEdge/lib/mono/unityjit-win32'
Mono config path = 'C:/Program Files/Unity/Hub/Editor/6000.0.59f2-x86_64/Editor/Data/MonoBleedingEdge/etc'
Using monoOptions --debugger-agent=transport=dt_socket,embedding=1,server=y,suspend=n,address=127.0.0.1:56584
Begin MonoManager ReloadAssembly
Registering precompiled unity dll's ...
Register platform support module: C:/Program Files/Unity/Hub/Editor/6000.0.59f2-x86_64/Editor/Data/PlaybackEngines/WindowsStandaloneSupport/UnityEditor.WindowsStandalone.Extensions.dll
Registered in 0.001453 seconds.
- Loaded All Assemblies, in  0.231 seconds
Native extension for WindowsStandalone target not found
Mono: successfully reloaded assembly
- Finished resetting the current domain, in  0.231 seconds
Domain Reload Profiling: 461ms
	BeginReloadAssembly (60ms)
		ExecutionOrderSort (0ms)
		DisableScriptedObjects (0ms)
		BackupInstance (0ms)
		ReleaseScriptingObjects (0ms)
		CreateAndSetChildDomain (0ms)
	RebuildCommonClasses (26ms)
	RebuildNativeTypeToScriptingClass (8ms)
	initialDomainReloadingComplete (32ms)
	LoadAllAssembliesAndSetupDomain (105ms)
		LoadAssemblies (58ms)
		RebuildTransferFunctionScriptingTraits (0ms)
		AnalyzeDomain (102ms)
			TypeCache.Refresh (101ms)
				TypeCache.ScanAssembly (92ms)
			BuildScriptInfoCaches (0ms)
			ResolveRequiredComponents (0ms)
	FinalizeReload (231ms)
		ReleaseScriptCaches (0ms)
		RebuildScriptCaches (0ms)
		SetupLoadedEditorAssemblies (202ms)
			LogAssemblyErrors (0ms)
			InitializePlatformSupportModulesInManaged (14ms)
			SetLoadedEditorAssemblies (3ms)
			BeforeProcessingInitializeOnLoad (43ms)
			ProcessInitializeOnLoadAttributes (108ms)
			ProcessInitializeOnLoadMethodAttributes (34ms)
			AfterProcessingInitializeOnLoad (0ms)
			EditorAssembliesLoaded (0ms)
		ExecutionOrderSort2 (0ms)
		AwakeInstancesAfterBackupRestoration (0ms)
========================================================================
Worker process is ready to serve import requests
Import Worker Mode flag is 0x00
Begin MonoManager ReloadAssembly
- Loaded All Assemblies, in  0.546 seconds
Refreshing native plugins compatible for Editor in 0.94 ms, found 4 plugins.
Native extension for WindowsStandalone target not found
Refreshing native plugins compatible for Editor in 1.08 ms, found 4 plugins.
Package Manager log level set to [2]
[Package Manager] Failed to launch server process. Reason: Unity was launched with the -noUpm command-line argument
[Package Manager] Unable to send message (not connected to server process).
[Package Manager] Cannot connect to Unity Package Manager local server
Mono: successfully reloaded assembly
- Finished resetting the current domain, in  0.565 seconds
Domain Reload Profiling: 1109ms
	BeginReloadAssembly (102ms)
		ExecutionOrderSort (0ms)
		DisableScriptedObjects (4ms)
		BackupInstance (0ms)
		ReleaseScriptingObjects (0ms)
		CreateAndSetChildDomain (21ms)
	RebuildCommonClasses (27ms)
	RebuildNativeTypeToScriptingClass (8ms)
	initialDomainReloadingComplete (26ms)
	LoadAllAssembliesAndSetupDomain (381ms)
		LoadAssemblies (240ms)
		RebuildTransferFunctionScriptingTraits (0ms)
		AnalyzeDomain (188ms)
			TypeCache.Refresh (140ms)
				TypeCache.ScanAssembly (127ms)
			BuildScriptInfoCaches (38ms)
			ResolveRequiredComponents (7ms)
	FinalizeReload (565ms)
		ReleaseScriptCaches (0ms)
		RebuildScriptCaches (0ms)
		SetupLoadedEditorAssemblies (421ms)
			LogAssemblyErrors (0ms)
			InitializePlatformSupportModulesInManaged (3ms)
			SetLoadedEditorAssemblies (4ms)
			BeforeProcessingInitializeOnLoad (94ms)
			ProcessInitializeOnLoadAttributes (282ms)
			ProcessInitializeOnLoadMethodAttributes (36ms)
			AfterProcessingInitializeOnLoad (3ms)
			EditorAssembliesLoaded (0ms)
		ExecutionOrderSort2 (0ms)
		AwakeInstancesAfterBackupRestoration (4ms)
Launched and connected shader compiler UnityShaderCompiler.exe after 0.01 seconds
Refreshing native plugins compatible for Editor in 1.17 ms, found 4 plugins.
Preloading 0 native plugins for Editor in 0.00 ms.
Unloading 13 Unused Serialized files (Serialized files now loaded: 0)
Unloading 6385 unused Assets / (4.2 MB). Loaded Objects now: 7082.
Memory consumption went from 137.6 MB to 133.4 MB.
Total: 5.228600 ms (FindLiveObjects: 0.408000 ms CreateObjectMapping: 0.286000 ms MarkObjects: 3.059500 ms  DeleteObjects: 1.474100 ms)

========================================================================
Received Import Request.
  Time since last request: 9216.864210 seconds.
  path: Assets/BTM_Assets/BTM_Items_Gems/Prefabs/Money.prefab
  artifactKey: Guid(b9d9101ad1951674e9f71efcc796dadc) Importer(2089858483,192608db42251d675da83286b1cce702)
Start importing Assets/BTM_Assets/BTM_Items_Gems/Prefabs/Money.prefab using Guid(b9d9101ad1951674e9f71efcc796dadc) Importer(2089858483,192608db42251d675da83286b1cce702) (ScriptedImporter) -> (artifact id: 'a43fb548b0726b99fde1ac81f39d52fe') in 0.159374 seconds
Number of updated asset objects reloaded before import = 0Number of asset objects unloaded after import = 15

========================================================================
Received Import Request.
  Time since last request: 0.000013 seconds.
  path: Assets/Azerilo/Car Model No.1201 Asset/Prefab/Car 1.prefab
  artifactKey: Guid(4f0e50d40447a6b4aa8b2659489842ed) Importer(2089858483,192608db42251d675da83286b1cce702)
Start importing Assets/Azerilo/Car Model No.1201 Asset/Prefab/Car 1.prefab using Guid(4f0e50d40447a6b4aa8b2659489842ed) Importer(2089858483,192608db42251d675da83286b1cce702) (ScriptedImporter) -> (artifact id: '1d2a4bbd6b9567c2db286aacba533be8') in 0.0142056 seconds
Number of updated asset objects reloaded before import = 0Number of asset objects unloaded after import = 212

========================================================================
Received Import Request.
  Time since last request: 0.000014 seconds.
  path: Assets/BTM_Assets/BTM_Items_Gems/Models/Ruby.fbx
  artifactKey: Guid(e8f34b9b0cfb46742a4d3e6197437a4a) Importer(2089858483,192608db42251d675da83286b1cce702)
Start importing Assets/BTM_Assets/BTM_Items_Gems/Models/Ruby.fbx using Guid(e8f34b9b0cfb46742a4d3e6197437a4a) Importer(2089858483,192608db42251d675da83286b1cce702) (ScriptedImporter) -> (artifact id: '478c191efa009cd56e48cd39aa9e78f5') in 0.0372218 seconds
Number of updated asset objects reloaded before import = 0Number of asset objects unloaded after import = 9

========================================================================
Received Import Request.
  Time since last request: 0.000020 seconds.
  path: Assets/NPC/2.NPC Model/1.Textures/NPC_Female.png
  artifactKey: Guid(7be4229309293414cbe6cdffd67aada9) Importer(2089858483,192608db42251d675da83286b1cce702)
Start importing Assets/NPC/2.NPC Model/1.Textures/NPC_Female.png using Guid(7be4229309293414cbe6cdffd67aada9) Importer(2089858483,192608db42251d675da83286b1cce702) (ScriptedImporter) -> (artifact id: 'e765ea08ea8d3246f8e6b126aa18ca81') in 0.0292261 seconds
Number of updated asset objects reloaded before import = 0Number of asset objects unloaded after import = 1

========================================================================
Received Import Request.
  Time since last request: 0.000016 seconds.
  path: Assets/BTM_Assets/BTM_Items_Gems/Scripts/SimpleGemsAnim.cs
  artifactKey: Guid(845c415f3181b4840ab566c40e714752) Importer(2089858483,192608db42251d675da83286b1cce702)
Start importing Assets/BTM_Assets/BTM_Items_Gems/Scripts/SimpleGemsAnim.cs using Guid(845c415f3181b4840ab566c40e714752) Importer(2089858483,192608db42251d675da83286b1cce702) (ScriptedImporter) -> (artifact id: '9cf7d921cb82332b46ebc179f31a89a8') in 0.0077717 seconds
Number of updated asset objects reloaded before import = 0Number of asset objects unloaded after import = 0

========================================================================
Received Import Request.
  Time since last request: 0.000013 seconds.
  path: Assets/NPC/2.NPC Model/6.Script/KickSensor.cs
  artifactKey: Guid(96f09d265d6d173438e9d31404ea0995) Importer(2089858483,192608db42251d675da83286b1cce702)
Start importing Assets/NPC/2.NPC Model/6.Script/KickSensor.cs using Guid(96f09d265d6d173438e9d31404ea0995) Importer(2089858483,192608db42251d675da83286b1cce702) (ScriptedImporter) -> (artifact id: '6dcba0822ac65d7cf94aa8a0647bea7c') in 0.0069394 seconds
Number of updated asset objects reloaded before import = 0Number of asset objects unloaded after import = 0

========================================================================
Received Import Request.
  Time since last request: 0.000013 seconds.
  path: Assets/NPC/2.NPC Model/1.Textures/NPC_Male.png
  artifactKey: Guid(2cae7cfe2fb5d0e41ba90c5a75a97f91) Importer(2089858483,192608db42251d675da83286b1cce702)
Start importing Assets/NPC/2.NPC Model/1.Textures/NPC_Male.png using Guid(2cae7cfe2fb5d0e41ba90c5a75a97f91) Importer(2089858483,192608db42251d675da83286b1cce702) (ScriptedImporter) -> (artifact id: '94b091d8d367d31b9ddf2d09460e2c9b') in 0.0116149 seconds
Number of updated asset objects reloaded before import = 0Number of asset objects unloaded after import = 1

========================================================================
Received Import Request.
  Time since last request: 0.000012 seconds.
  path: Assets/NPC/2.NPC Model/3.Meshes/NPC_Female.fbx
  artifactKey: Guid(efa7cf83928a3bd42935d7898c6fe1df) Importer(2089858483,192608db42251d675da83286b1cce702)
Start importing Assets/NPC/2.NPC Model/3.Meshes/NPC_Female.fbx using Guid(efa7cf83928a3bd42935d7898c6fe1df) Importer(2089858483,192608db42251d675da83286b1cce702) (ScriptedImporter) -> (artifact id: '338a626dd2ed9dd59888c658b61ea3b0') in 0.018851 seconds
Number of updated asset objects reloaded before import = 0Number of asset objects unloaded after import = 72

========================================================================
Received Import Request.
  Time since last request: 0.000012 seconds.
  path: Assets/NPC/2.NPC Model/2.Materials/NPC.mat
  artifactKey: Guid(c2de9ee12d731e14e93392e0a8046454) Importer(2089858483,192608db42251d675da83286b1cce702)
Start importing Assets/NPC/2.NPC Model/2.Materials/NPC.mat using Guid(c2de9ee12d731e14e93392e0a8046454) Importer(2089858483,192608db42251d675da83286b1cce702) (ScriptedImporter) -> (artifact id: 'ca1db92b970156b35d1ff702960e275f') in 0.0090282 seconds
Number of updated asset objects reloaded before import = 0Number of asset objects unloaded after import = 3

========================================================================
Received Import Request.
  Time since last request: 0.000014 seconds.
  path: Assets/NPC/2.NPC Model/4.Animation/idle_female.anim
  artifactKey: Guid(539139917a077074fb4940e93833392a) Importer(2089858483,192608db42251d675da83286b1cce702)
Start importing Assets/NPC/2.NPC Model/4.Animation/idle_female.anim using Guid(539139917a077074fb4940e93833392a) Importer(2089858483,192608db42251d675da83286b1cce702) (ScriptedImporter) -> (artifact id: 'f17fc610e2f67775e5b681fe3418c603') in 0.0157906 seconds
Number of updated asset objects reloaded before import = 0Number of asset objects unloaded after import = 1

========================================================================
Received Import Request.
  Time since last request: 0.000021 seconds.
  path: Assets/object/effect/Point2 light.prefab
  artifactKey: Guid(c6e88d5e8d9f2ba43b16d9924d5d0dc0) Importer(2089858483,192608db42251d675da83286b1cce702)
Start importing Assets/object/effect/Point2 light.prefab using Guid(c6e88d5e8d9f2ba43b16d9924d5d0dc0) Importer(2089858483,192608db42251d675da83286b1cce702) (ScriptedImporter) -> (artifact id: '5cb5a1ccbf26877ae7467151247ff3b5') in 0.0475546 seconds
Number of updated asset objects reloaded before import = 0Number of asset objects unloaded after import = 6

========================================================================
Received Import Request.
  Time since last request: 0.000014 seconds.
  path: Assets/BTM_Assets/BTM_Items_Gems/Models/Star.fbx
  artifactKey: Guid(884dae88488f6644cad764894920f5ba) Importer(2089858483,192608db42251d675da83286b1cce702)
Start importing Assets/BTM_Assets/BTM_Items_Gems/Models/Star.fbx using Guid(884dae88488f6644cad764894920f5ba) Importer(2089858483,192608db42251d675da83286b1cce702) (ScriptedImporter) -> (artifact id: 'c47a9e9203c190f0ee855c55c13c2cd1') in 0.0136054 seconds
Number of updated asset objects reloaded before import = 0Number of asset objects unloaded after import = 9

========================================================================
Received Import Request.
  Time since last request: 0.000015 seconds.
  path: Assets/object/car/Car 3.prefab
  artifactKey: Guid(de53374949c380a43831cdf100ac633d) Importer(2089858483,192608db42251d675da83286b1cce702)
Start importing Assets/object/car/Car 3.prefab using Guid(de53374949c380a43831cdf100ac633d) Importer(2089858483,192608db42251d675da83286b1cce702) (ScriptedImporter) -> (artifact id: '8ae7afbdc9585f7519bb17d4bef88e50') in 0.0108316 seconds
Number of updated asset objects reloaded before import = 0Number of asset objects unloaded after import = 212

========================================================================
Received Import Request.
  Time since last request: 0.000012 seconds.
  path: Assets/object/car/Car 4.prefab
  artifactKey: Guid(28e6efeab80060a44aeb418ac1f92bce) Importer(2089858483,192608db42251d675da83286b1cce702)
Start importing Assets/object/car/Car 4.prefab using Guid(28e6efeab80060a44aeb418ac1f92bce) Importer(2089858483,192608db42251d675da83286b1cce702) (ScriptedImporter) -> (artifact id: '6486cce59749a135a2f942bc2d339258') in 0.0117448 seconds
Number of updated asset objects reloaded before import = 0Number of asset objects unloaded after import = 212

========================================================================
Received Import Request.
  Time since last request: 0.000013 seconds.
  path: Assets/object/car/Car 2.prefab
  artifactKey: Guid(7ecf74b289b28f246bfea1ee3e275c26) Importer(2089858483,192608db42251d675da83286b1cce702)
Start importing Assets/object/car/Car 2.prefab using Guid(7ecf74b289b28f246bfea1ee3e275c26) Importer(2089858483,192608db42251d675da83286b1cce702) (ScriptedImporter) -> (artifact id: '8feede113c9ace98d792144c78b69d35') in 0.010301 seconds
Number of updated asset objects reloaded before import = 0Number of asset objects unloaded after import = 212

========================================================================
Received Import Request.
  Time since last request: 0.000016 seconds.
  path: Assets/Prefab/KAN.prefab
  artifactKey: Guid(606b875db68a25f45b43414e3f3bc34b) Importer(2089858483,192608db42251d675da83286b1cce702)
Start importing Assets/Prefab/KAN.prefab using Guid(606b875db68a25f45b43414e3f3bc34b) Importer(2089858483,192608db42251d675da83286b1cce702) (ScriptedImporter) -> (artifact id: 'e9fdb9c827af46da3735b826b1e0eb18') in 0.0255057 seconds
Number of updated asset objects reloaded before import = 0Number of asset objects unloaded after import = 52

========================================================================
Received Import Request.
  Time since last request: 0.000019 seconds.
  path: Assets/object/Kan/script/KanMove.cs
  artifactKey: Guid(2620b5f3ddb6d4d4c9fade6fb6bddc84) Importer(2089858483,192608db42251d675da83286b1cce702)
Start importing Assets/object/Kan/script/KanMove.cs using Guid(2620b5f3ddb6d4d4c9fade6fb6bddc84) Importer(2089858483,192608db42251d675da83286b1cce702) (ScriptedImporter) -> (artifact id: 'b6c4805fceb5633217105097a740b9e1') in 0.0074452 seconds
Number of updated asset objects reloaded before import = 0Number of asset objects unloaded after import = 0

========================================================================
Received Import Request.
  Time since last request: 0.000011 seconds.
  path: Assets/object/Kan/material/New Material 2.mat
  artifactKey: Guid(3cbc087699b480347bb34057abba21ed) Importer(2089858483,192608db42251d675da83286b1cce702)
Start importing Assets/object/Kan/material/New Material 2.mat using Guid(3cbc087699b480347bb34057abba21ed) Importer(2089858483,192608db42251d675da83286b1cce702) (ScriptedImporter) -> (artifact id: '886c473db435e4d99b23659cb2f12168') in 0.0077367 seconds
Number of updated asset objects reloaded before import = 0Number of asset objects unloaded after import = 1

========================================================================
Received Import Request.
  Time since last request: 0.000013 seconds.
  path: Assets/Versatile Studio Assets/Demo City By Versatile Studio/Models/factory_chimney-stalk.fbx
  artifactKey: Guid(bd90c18828aee314ca349257d59d1542) Importer(2089858483,192608db42251d675da83286b1cce702)
Start importing Assets/Versatile Studio Assets/Demo City By Versatile Studio/Models/factory_chimney-stalk.fbx using Guid(bd90c18828aee314ca349257d59d1542) Importer(2089858483,192608db42251d675da83286b1cce702) (ScriptedImporter) -> (artifact id: 'f62870929d8bee5b40680eec3db048b6') in 0.0108639 seconds
Number of updated asset objects reloaded before import = 0Number of asset objects unloaded after import = 8

========================================================================
Received Import Request.
  Time since last request: 0.000013 seconds.
  path: Assets/TextMesh Pro/Resources/Fonts & Materials/LiberationSans SDF - Fallback.asset
  artifactKey: Guid(2e498d1c8094910479dc3e1b768306a4) Importer(2089858483,192608db42251d675da83286b1cce702)
Start importing Assets/TextMesh Pro/Resources/Fonts & Materials/LiberationSans SDF - Fallback.asset using Guid(2e498d1c8094910479dc3e1b768306a4) Importer(2089858483,192608db42251d675da83286b1cce702) (ScriptedImporter) -> (artifact id: 'c9c06f845e7e278de91fb407e7f3d3da') in 0.0281085 seconds
Number of updated asset objects reloaded before import = 0Number of asset objects unloaded after import = 5

========================================================================
Received Import Request.
  Time since last request: 0.000013 seconds.
  path: Assets/object/Kan/image/ic_media_fast-forward_01_4488ff_512.png
  artifactKey: Guid(e9f4d86e4e5866d4596ec0afe92b3a6b) Importer(2089858483,192608db42251d675da83286b1cce702)
Start importing Assets/object/Kan/image/ic_media_fast-forward_01_4488ff_512.png using Guid(e9f4d86e4e5866d4596ec0afe92b3a6b) Importer(2089858483,192608db42251d675da83286b1cce702) (ScriptedImporter) -> (artifact id: 'd30aebfdc76136095dac25f417379a87') in 0.0148243 seconds
Number of updated asset objects reloaded before import = 0Number of asset objects unloaded after import = 3

========================================================================
Received Import Request.
  Time since last request: 0.000011 seconds.
  path: Assets/Versatile Studio Assets/Demo City By Versatile Studio/Models/highway_support.fbx
  artifactKey: Guid(3e4c02719a29aca4092dd29f07fc1a7e) Importer(2089858483,192608db42251d675da83286b1cce702)
Start importing Assets/Versatile Studio Assets/Demo City By Versatile Studio/Models/highway_support.fbx using Guid(3e4c02719a29aca4092dd29f07fc1a7e) Importer(2089858483,192608db42251d675da83286b1cce702) (ScriptedImporter) -> (artifact id: '8df70545c3fbb476b245407e79c61003') in 0.0105669 seconds
Number of updated asset objects reloaded before import = 0Number of asset objects unloaded after import = 8

========================================================================
Received Import Request.
  Time since last request: 0.000014 seconds.
  path: Assets/Versatile Studio Assets/Demo City By Versatile Studio/Materials/white_light.mat
  artifactKey: Guid(a1910494df7cf7647bc9378df1e93e16) Importer(2089858483,192608db42251d675da83286b1cce702)
Start importing Assets/Versatile Studio Assets/Demo City By Versatile Studio/Materials/white_light.mat using Guid(a1910494df7cf7647bc9378df1e93e16) Importer(2089858483,192608db42251d675da83286b1cce702) (ScriptedImporter) -> (artifact id: '91c9491bc1534efd10466d62ef2ede42') in 0.0097184 seconds
Number of updated asset objects reloaded before import = 0Number of asset objects unloaded after import = 1

========================================================================
Received Import Request.
  Time since last request: 0.000017 seconds.
  path: Assets/Versatile Studio Assets/Demo City By Versatile Studio/Materials/highrise_facades.mat
  artifactKey: Guid(c6b94b952e067714f807fc7aeb7cbbc0) Importer(2089858483,192608db42251d675da83286b1cce702)
Start importing Assets/Versatile Studio Assets/Demo City By Versatile Studio/Materials/highrise_facades.mat using Guid(c6b94b952e067714f807fc7aeb7cbbc0) Importer(2089858483,192608db42251d675da83286b1cce702) (ScriptedImporter) -> (artifact id: '76f96034797f359df920f1dca6015a76') in 0.0103472 seconds
Number of updated asset objects reloaded before import = 0Number of asset objects unloaded after import = 4

========================================================================
Received Import Request.
  Time since last request: 0.000013 seconds.
  path: Assets/Versatile Studio Assets/Demo City By Versatile Studio/Models/hedge_with_base.fbx
  artifactKey: Guid(8e079575efded7b488ca4313fcf6eeac) Importer(2089858483,192608db42251d675da83286b1cce702)
Start importing Assets/Versatile Studio Assets/Demo City By Versatile Studio/Models/hedge_with_base.fbx using Guid(8e079575efded7b488ca4313fcf6eeac) Importer(2089858483,192608db42251d675da83286b1cce702) (ScriptedImporter) -> (artifact id: '7a51c202f74f29bea5fc7c976d6c78f3') in 0.0142899 seconds
Number of updated asset objects reloaded before import = 0Number of asset objects unloaded after import = 9

========================================================================
Received Import Request.
  Time since last request: 0.000013 seconds.
  path: Assets/object/Kan/material/New Material.mat
  artifactKey: Guid(1a5505de489c6c946bd4ed802a9560fe) Importer(2089858483,192608db42251d675da83286b1cce702)
Start importing Assets/object/Kan/material/New Material.mat using Guid(1a5505de489c6c946bd4ed802a9560fe) Importer(2089858483,192608db42251d675da83286b1cce702) (ScriptedImporter) -> (artifact id: '2ccb8101f403feea441a8fcb35fda64b') in 0.0078968 seconds
Number of updated asset objects reloaded before import = 0Number of asset objects unloaded after import = 1

========================================================================
Received Import Request.
  Time since last request: 0.000012 seconds.
  path: Assets/Versatile Studio Assets/Demo City By Versatile Studio/Materials/building_facades.mat
  artifactKey: Guid(ae52bce8c68a3ea499f06d8068f9ff82) Importer(2089858483,192608db42251d675da83286b1cce702)
Start importing Assets/Versatile Studio Assets/Demo City By Versatile Studio/Materials/building_facades.mat using Guid(ae52bce8c68a3ea499f06d8068f9ff82) Importer(2089858483,192608db42251d675da83286b1cce702) (ScriptedImporter) -> (artifact id: 'cd5e38496f8be7811757d8fe0e97f296') in 0.0189735 seconds
Number of updated asset objects reloaded before import = 0Number of asset objects unloaded after import = 3

========================================================================
Received Import Request.
  Time since last request: 0.000011 seconds.
  path: Assets/Versatile Studio Assets/Demo City By Versatile Studio/Materials/building_windows_wet.mat
  artifactKey: Guid(bc2a974a815d4df4d93d36f57a1a66c3) Importer(2089858483,192608db42251d675da83286b1cce702)
Start importing Assets/Versatile Studio Assets/Demo City By Versatile Studio/Materials/building_windows_wet.mat using Guid(bc2a974a815d4df4d93d36f57a1a66c3) Importer(2089858483,192608db42251d675da83286b1cce702) (ScriptedImporter) -> (artifact id: '6f57abc782b5cb9451e13bb4233ecd2e') in 0.0127975 seconds
Number of updated asset objects reloaded before import = 0Number of asset objects unloaded after import = 3

========================================================================
Received Import Request.
  Time since last request: 0.000014 seconds.
  path: Assets/BTM_Assets/BTM_Items_Gems/Prefabs/SkullBones.prefab
  artifactKey: Guid(01fba43840893414a83863004e3a487b) Importer(2089858483,192608db42251d675da83286b1cce702)
Start importing Assets/BTM_Assets/BTM_Items_Gems/Prefabs/SkullBones.prefab using Guid(01fba43840893414a83863004e3a487b) Importer(2089858483,192608db42251d675da83286b1cce702) (ScriptedImporter) -> (artifact id: '797474a1b3316f6c6137adc935a612e2') in 0.0116235 seconds
Number of updated asset objects reloaded before import = 0Number of asset objects unloaded after import = 15

========================================================================
Received Import Request.
  Time since last request: 0.000013 seconds.
  path: Assets/Azerilo/Car Model No.1201 Asset/Material/MainMat.mat
  artifactKey: Guid(52b70203659e5654b8b1005e94b0ece3) Importer(2089858483,192608db42251d675da83286b1cce702)
Start importing Assets/Azerilo/Car Model No.1201 Asset/Material/MainMat.mat using Guid(52b70203659e5654b8b1005e94b0ece3) Importer(2089858483,192608db42251d675da83286b1cce702) (ScriptedImporter) -> (artifact id: '2e76b31370a2aad885249b8f68838398') in 0.0084728 seconds
Number of updated asset objects reloaded before import = 0Number of asset objects unloaded after import = 2

========================================================================
Received Import Request.
  Time since last request: 0.000022 seconds.
  path: Assets/BTM_Assets/BTM_Items_Gems/Models/Thunder.fbx
  artifactKey: Guid(2de2c222b32b72b4885aa6fd8e8c8ec9) Importer(2089858483,192608db42251d675da83286b1cce702)
Start importing Assets/BTM_Assets/BTM_Items_Gems/Models/Thunder.fbx using Guid(2de2c222b32b72b4885aa6fd8e8c8ec9) Importer(2089858483,192608db42251d675da83286b1cce702) (ScriptedImporter) -> (artifact id: '8d2e32eb654737916e5153e2b400a19a') in 0.0145095 seconds
Number of updated asset objects reloaded before import = 0Number of asset objects unloaded after import = 9

========================================================================
Received Import Request.
  Time since last request: 0.000012 seconds.
  path: Assets/Versatile Studio Assets/Demo City By Versatile Studio/Prefabs/office_building_1.prefab
  artifactKey: Guid(658e1637e781b8d4797e43c26338c9ab) Importer(2089858483,192608db42251d675da83286b1cce702)
Start importing Assets/Versatile Studio Assets/Demo City By Versatile Studio/Prefabs/office_building_1.prefab using Guid(658e1637e781b8d4797e43c26338c9ab) Importer(2089858483,192608db42251d675da83286b1cce702) (ScriptedImporter) -> (artifact id: '3d3cc4938222126d80f291f5ea5c58ba') in 0.0120108 seconds
Number of updated asset objects reloaded before import = 0Number of asset objects unloaded after import = 71

========================================================================
Received Import Request.
  Time since last request: 0.000016 seconds.
  path: Assets/Versatile Studio Assets/Demo City By Versatile Studio/Textures/asphalt_2_tracks_nm.png
  artifactKey: Guid(f3a9a21e5b2c47244958c061fd9ec3a6) Importer(2089858483,192608db42251d675da83286b1cce702)
Start importing Assets/Versatile Studio Assets/Demo City By Versatile Studio/Textures/asphalt_2_tracks_nm.png using Guid(f3a9a21e5b2c47244958c061fd9ec3a6) Importer(2089858483,192608db42251d675da83286b1cce702) (ScriptedImporter) -> (artifact id: '687d3a3a8842788b588a89251eb4ee05') in 0.0124475 seconds
Number of updated asset objects reloaded before import = 0Number of asset objects unloaded after import = 1

========================================================================
Received Import Request.
  Time since last request: 0.000014 seconds.
  path: Assets/Versatile Studio Assets/Demo City By Versatile Studio/Scenes/DemoSceneLight.lighting
  artifactKey: Guid(5190bde6b6f10f14d87fbf126f377dc4) Importer(2089858483,192608db42251d675da83286b1cce702)
Start importing Assets/Versatile Studio Assets/Demo City By Versatile Studio/Scenes/DemoSceneLight.lighting using Guid(5190bde6b6f10f14d87fbf126f377dc4) Importer(2089858483,192608db42251d675da83286b1cce702) (ScriptedImporter) -> (artifact id: '0ecc57ff126a2a4e96a8f9fbcbde2f75') in 0.0097675 seconds
Number of updated asset objects reloaded before import = 0Number of asset objects unloaded after import = 1

========================================================================
Received Import Request.
  Time since last request: 0.000012 seconds.
  path: Assets/Versatile Studio Assets/Demo City By Versatile Studio/Prefabs/hedge_with_base.prefab
  artifactKey: Guid(f0fa6751ecba8a44b87f542ef29ff46f) Importer(2089858483,192608db42251d675da83286b1cce702)
Start importing Assets/Versatile Studio Assets/Demo City By Versatile Studio/Prefabs/hedge_with_base.prefab using Guid(f0fa6751ecba8a44b87f542ef29ff46f) Importer(2089858483,192608db42251d675da83286b1cce702) (ScriptedImporter) -> (artifact id: '548e2659e93aa56056c73b110651dbb7') in 0.0119648 seconds
Number of updated asset objects reloaded before import = 0Number of asset objects unloaded after import = 10

========================================================================
Received Import Request.
  Time since last request: 0.000015 seconds.
  path: Assets/Versatile Studio Assets/Demo City By Versatile Studio/Prefabs/tree_2.prefab
  artifactKey: Guid(df942187e8f6dcd44a932a9ed41112e3) Importer(2089858483,192608db42251d675da83286b1cce702)
Start importing Assets/Versatile Studio Assets/Demo City By Versatile Studio/Prefabs/tree_2.prefab using Guid(df942187e8f6dcd44a932a9ed41112e3) Importer(2089858483,192608db42251d675da83286b1cce702) (ScriptedImporter) -> (artifact id: '66215674a107d79f6987bf88e4dc5800') in 0.009198 seconds
Number of updated asset objects reloaded before import = 0Number of asset objects unloaded after import = 10

========================================================================
Received Import Request.
  Time since last request: 0.000017 seconds.
  path: Assets/Versatile Studio Assets/Demo City By Versatile Studio/Prefabs/office_building_1_with_base.prefab
  artifactKey: Guid(52e2970d2b977934194c67572d53ee04) Importer(2089858483,192608db42251d675da83286b1cce702)
Start importing Assets/Versatile Studio Assets/Demo City By Versatile Studio/Prefabs/office_building_1_with_base.prefab using Guid(52e2970d2b977934194c67572d53ee04) Importer(2089858483,192608db42251d675da83286b1cce702) (ScriptedImporter) -> (artifact id: '85290b87ed2d03cb1b7b5f393e434d63') in 0.0106756 seconds
Number of updated asset objects reloaded before import = 0Number of asset objects unloaded after import = 144

========================================================================
Received Import Request.
  Time since last request: 0.000024 seconds.
  path: Assets/Versatile Studio Assets/Demo City By Versatile Studio/Models/small_house_1.fbx
  artifactKey: Guid(4a4197e7c33e5bf4984d931c8f992851) Importer(2089858483,192608db42251d675da83286b1cce702)
Start importing Assets/Versatile Studio Assets/Demo City By Versatile Studio/Models/small_house_1.fbx using Guid(4a4197e7c33e5bf4984d931c8f992851) Importer(2089858483,192608db42251d675da83286b1cce702) (ScriptedImporter) -> (artifact id: 'ac551a35937714388096ff895e4d4922') in 0.0123024 seconds
Number of updated asset objects reloaded before import = 0Number of asset objects unloaded after import = 11

========================================================================
Received Import Request.
  Time since last request: 0.000013 seconds.
  path: Assets/Versatile Studio Assets/Demo City By Versatile Studio/Models/tree_3.fbx
  artifactKey: Guid(9eeace017892e6e4b936498efff23317) Importer(2089858483,192608db42251d675da83286b1cce702)
Start importing Assets/Versatile Studio Assets/Demo City By Versatile Studio/Models/tree_3.fbx using Guid(9eeace017892e6e4b936498efff23317) Importer(2089858483,192608db42251d675da83286b1cce702) (ScriptedImporter) -> (artifact id: '08dc8a0ae8b990f3caf61054fa47c4b4') in 0.0136763 seconds
Number of updated asset objects reloaded before import = 0Number of asset objects unloaded after import = 9

========================================================================
Received Import Request.
  Time since last request: 0.000013 seconds.
  path: Assets/Versatile Studio Assets/Demo City By Versatile Studio/Models/small_house_3.fbx
  artifactKey: Guid(8922123bffe3c6341bc1ddf9af970835) Importer(2089858483,192608db42251d675da83286b1cce702)
Start importing Assets/Versatile Studio Assets/Demo City By Versatile Studio/Models/small_house_3.fbx using Guid(8922123bffe3c6341bc1ddf9af970835) Importer(2089858483,192608db42251d675da83286b1cce702) (ScriptedImporter) -> (artifact id: '81d14fb061aee08421dc76b8d5731da7') in 0.0122828 seconds
Number of updated asset objects reloaded before import = 0Number of asset objects unloaded after import = 11

========================================================================
Received Import Request.
  Time since last request: 0.000018 seconds.
  path: Assets/Versatile Studio Assets/Demo City By Versatile Studio/Prefabs/demo_city_by_versatile_studio.prefab
  artifactKey: Guid(b64e7a25ece19a147b10b35a23680ac3) Importer(2089858483,192608db42251d675da83286b1cce702)
Start importing Assets/Versatile Studio Assets/Demo City By Versatile Studio/Prefabs/demo_city_by_versatile_studio.prefab using Guid(b64e7a25ece19a147b10b35a23680ac3) Importer(2089858483,192608db42251d675da83286b1cce702) (ScriptedImporter) -> (artifact id: '32e24b8105593a065ce101381bc7c852') in 0.0432567 seconds
Number of updated asset objects reloaded before import = 0Number of asset objects unloaded after import = 762

========================================================================
Received Import Request.
  Time since last request: 0.000016 seconds.
  path: Assets/Versatile Studio Assets/Demo City By Versatile Studio/Prefabs/lamp_pole_single_blue.prefab
  artifactKey: Guid(2428e7e466b559e43a0e4202eae899ff) Importer(2089858483,192608db42251d675da83286b1cce702)
Start importing Assets/Versatile Studio Assets/Demo City By Versatile Studio/Prefabs/lamp_pole_single_blue.prefab using Guid(2428e7e466b559e43a0e4202eae899ff) Importer(2089858483,192608db42251d675da83286b1cce702) (ScriptedImporter) -> (artifact id: 'a21d80c286b7a3b52493eced1bf2d7fc') in 0.0102266 seconds
Number of updated asset objects reloaded before import = 0Number of asset objects unloaded after import = 16

========================================================================
Received Import Request.
  Time since last request: 0.000013 seconds.
  path: Assets/Versatile Studio Assets/Demo City By Versatile Studio/Prefabs/office_building_1_bgr.prefab
  artifactKey: Guid(140035e2fe065134aba228ec10fd96ac) Importer(2089858483,192608db42251d675da83286b1cce702)
Start importing Assets/Versatile Studio Assets/Demo City By Versatile Studio/Prefabs/office_building_1_bgr.prefab using Guid(140035e2fe065134aba228ec10fd96ac) Importer(2089858483,192608db42251d675da83286b1cce702) (ScriptedImporter) -> (artifact id: '8a755f38af889dc2187365df1c264758') in 0.0123844 seconds
Number of updated asset objects reloaded before import = 0Number of asset objects unloaded after import = 10

========================================================================
Received Import Request.
  Time since last request: 0.000015 seconds.
  path: Assets/Versatile Studio Assets/Demo City By Versatile Studio/Prefabs/office_building_3_bgr.prefab
  artifactKey: Guid(5abd6f97766ead84397268c287892e4f) Importer(2089858483,192608db42251d675da83286b1cce702)
Start importing Assets/Versatile Studio Assets/Demo City By Versatile Studio/Prefabs/office_building_3_bgr.prefab using Guid(5abd6f97766ead84397268c287892e4f) Importer(2089858483,192608db42251d675da83286b1cce702) (ScriptedImporter) -> (artifact id: '9961442f692b09f07c125068e87b6435') in 0.0118517 seconds
Number of updated asset objects reloaded before import = 0Number of asset objects unloaded after import = 10

========================================================================
Received Import Request.
  Time since last request: 0.000022 seconds.
  path: Assets/Azerilo/Car Model No.1201 Asset/Material/BodyMat 5.mat
  artifactKey: Guid(4afaa452ef080cb498346d3bd5c7c110) Importer(2089858483,192608db42251d675da83286b1cce702)
Start importing Assets/Azerilo/Car Model No.1201 Asset/Material/BodyMat 5.mat using Guid(4afaa452ef080cb498346d3bd5c7c110) Importer(2089858483,192608db42251d675da83286b1cce702) (ScriptedImporter) -> (artifact id: 'd559d2789a4422f88677abe2d3e2b80d') in 0.0076446 seconds
Number of updated asset objects reloaded before import = 0Number of asset objects unloaded after import = 2

========================================================================
Received Import Request.
  Time since last request: 0.000012 seconds.
  path: Assets/Azerilo/Car Model No.1201 Asset/Material/Texture/MainTexture.png
  artifactKey: Guid(f26f753c9777bd843af99543268e0b5d) Importer(2089858483,192608db42251d675da83286b1cce702)
Start importing Assets/Azerilo/Car Model No.1201 Asset/Material/Texture/MainTexture.png using Guid(f26f753c9777bd843af99543268e0b5d) Importer(2089858483,192608db42251d675da83286b1cce702) (ScriptedImporter) -> (artifact id: '19bc2f52c576f206992513b666612b0b') in 0.0106903 seconds
Number of updated asset objects reloaded before import = 0Number of asset objects unloaded after import = 1

========================================================================
Received Import Request.
  Time since last request: 0.000012 seconds.
  path: Assets/Azerilo/Car Model No.1201 Asset/Mesh/Materials/blinn16.mat
  artifactKey: Guid(49c69dfd5fde5544aa3c5e4f46b14925) Importer(2089858483,192608db42251d675da83286b1cce702)
Start importing Assets/Azerilo/Car Model No.1201 Asset/Mesh/Materials/blinn16.mat using Guid(49c69dfd5fde5544aa3c5e4f46b14925) Importer(2089858483,192608db42251d675da83286b1cce702) (ScriptedImporter) -> (artifact id: 'c4a2af267e38e2ab35ec40682ac7dd68') in 0.0102744 seconds
Number of updated asset objects reloaded before import = 0Number of asset objects unloaded after import = 1

========================================================================
Received Import Request.
  Time since last request: 0.000015 seconds.
  path: Assets/Azerilo/Car Model No.1201 Asset/Mesh/Materials/Tex_0058_0.mat
  artifactKey: Guid(feb709d059d9c35459f2b5646d024310) Importer(2089858483,192608db42251d675da83286b1cce702)
Start importing Assets/Azerilo/Car Model No.1201 Asset/Mesh/Materials/Tex_0058_0.mat using Guid(feb709d059d9c35459f2b5646d024310) Importer(2089858483,192608db42251d675da83286b1cce702) (ScriptedImporter) -> (artifact id: '8c98ee1cb3eea8f8320c33055f8a3e46') in 0.0082415 seconds
Number of updated asset objects reloaded before import = 0Number of asset objects unloaded after import = 1

========================================================================
Received Import Request.
  Time since last request: 0.000015 seconds.
  path: Assets/Versatile Studio Assets/Demo City By Versatile Studio/Textures/sideway_tile_oc.png
  artifactKey: Guid(bb0040cffc1ce2246a5533f352e9ebc0) Importer(2089858483,192608db42251d675da83286b1cce702)
Start importing Assets/Versatile Studio Assets/Demo City By Versatile Studio/Textures/sideway_tile_oc.png using Guid(bb0040cffc1ce2246a5533f352e9ebc0) Importer(2089858483,192608db42251d675da83286b1cce702) (ScriptedImporter) -> (artifact id: '7eccb30fcdeb818c7ca6612a1162a959') in 0.013773 seconds
Number of updated asset objects reloaded before import = 0Number of asset objects unloaded after import = 1

========================================================================
Received Import Request.
  Time since last request: 0.000013 seconds.
  path: Assets/Versatile Studio Assets/Demo City By Versatile Studio/Scenes/demo_city_night/ReflectionProbe-11.png
  artifactKey: Guid(fc38d6b701798844bb7dd7a95c0afb03) Importer(2089858483,192608db42251d675da83286b1cce702)
Start importing Assets/Versatile Studio Assets/Demo City By Versatile Studio/Scenes/demo_city_night/ReflectionProbe-11.png using Guid(fc38d6b701798844bb7dd7a95c0afb03) Importer(2089858483,192608db42251d675da83286b1cce702) (ScriptedImporter) -> (artifact id: '7221bff0c1b9908a5b476bd741cf5a12') in 0.0126327 seconds
Number of updated asset objects reloaded before import = 0Number of asset objects unloaded after import = 1

========================================================================
Received Import Request.
  Time since last request: 0.000014 seconds.
  path: Assets/Versatile Studio Assets/Demo City By Versatile Studio/Scenes/demo_city_night/ReflectionProbe-7.png
  artifactKey: Guid(d724d064812e74c44a1e31e73e435156) Importer(2089858483,192608db42251d675da83286b1cce702)
Start importing Assets/Versatile Studio Assets/Demo City By Versatile Studio/Scenes/demo_city_night/ReflectionProbe-7.png using Guid(d724d064812e74c44a1e31e73e435156) Importer(2089858483,192608db42251d675da83286b1cce702) (ScriptedImporter) -> (artifact id: 'f703a66fc75114fc1bf7282566a65090') in 0.0097783 seconds
Number of updated asset objects reloaded before import = 0Number of asset objects unloaded after import = 1

========================================================================
Received Import Request.
  Time since last request: 0.000018 seconds.
  path: Assets/Versatile Studio Assets/Demo City By Versatile Studio/Textures/asphalt_highway_nm.png
  artifactKey: Guid(adb98b8a6445d6f4eab5d5fe1822c50a) Importer(2089858483,192608db42251d675da83286b1cce702)
Start importing Assets/Versatile Studio Assets/Demo City By Versatile Studio/Textures/asphalt_highway_nm.png using Guid(adb98b8a6445d6f4eab5d5fe1822c50a) Importer(2089858483,192608db42251d675da83286b1cce702) (ScriptedImporter) -> (artifact id: '3dd972e73ddca29e36a963a266a7a7e7') in 0.0137696 seconds
Number of updated asset objects reloaded before import = 0Number of asset objects unloaded after import = 1

========================================================================
Received Import Request.
  Time since last request: 0.000024 seconds.
  path: Assets/Versatile Studio Assets/Demo City By Versatile Studio/Textures/vegetation_main_nm.png
  artifactKey: Guid(69ab22f53ee7465429a97e16b09b4e67) Importer(2089858483,192608db42251d675da83286b1cce702)
Start importing Assets/Versatile Studio Assets/Demo City By Versatile Studio/Textures/vegetation_main_nm.png using Guid(69ab22f53ee7465429a97e16b09b4e67) Importer(2089858483,192608db42251d675da83286b1cce702) (ScriptedImporter) -> (artifact id: '2a9707de506f639f488bde13c84e446e') in 0.0118827 seconds
Number of updated asset objects reloaded before import = 0Number of asset objects unloaded after import = 1

========================================================================
Received Import Request.
  Time since last request: 0.000012 seconds.
  path: Assets/Versatile Studio Assets/Demo City By Versatile Studio/Models/Materials/side_light_mat.mat
  artifactKey: Guid(594f52de8b4fe814ca645c76f02eb850) Importer(2089858483,192608db42251d675da83286b1cce702)
Start importing Assets/Versatile Studio Assets/Demo City By Versatile Studio/Models/Materials/side_light_mat.mat using Guid(594f52de8b4fe814ca645c76f02eb850) Importer(2089858483,192608db42251d675da83286b1cce702) (ScriptedImporter) -> (artifact id: 'bb72fd9337ba229eeb8edd2476763b92') in 0.0075698 seconds
Number of updated asset objects reloaded before import = 0Number of asset objects unloaded after import = 1

========================================================================
Received Import Request.
  Time since last request: 0.000013 seconds.
  path: Assets/Versatile Studio Assets/Demo City By Versatile Studio/Textures/building_windows_wet_nm.png
  artifactKey: Guid(7d221c28b4c599e41a5d1fa8ad52df42) Importer(2089858483,192608db42251d675da83286b1cce702)
Start importing Assets/Versatile Studio Assets/Demo City By Versatile Studio/Textures/building_windows_wet_nm.png using Guid(7d221c28b4c599e41a5d1fa8ad52df42) Importer(2089858483,192608db42251d675da83286b1cce702) (ScriptedImporter) -> (artifact id: 'c39d7292461dd60eec4fef0506040649') in 0.0136268 seconds
Number of updated asset objects reloaded before import = 0Number of asset objects unloaded after import = 1

========================================================================
Received Import Request.
  Time since last request: 0.000013 seconds.
  path: Assets/Versatile Studio Assets/Demo City By Versatile Studio/Textures/building_interior.png
  artifactKey: Guid(06cb5ce93fc410242a0368baa362376c) Importer(2089858483,192608db42251d675da83286b1cce702)
Start importing Assets/Versatile Studio Assets/Demo City By Versatile Studio/Textures/building_interior.png using Guid(06cb5ce93fc410242a0368baa362376c) Importer(2089858483,192608db42251d675da83286b1cce702) (ScriptedImporter) -> (artifact id: '955b9e7c220f6224e1cb45fd058d87cd') in 0.0121274 seconds
Number of updated asset objects reloaded before import = 0Number of asset objects unloaded after import = 1

========================================================================
Received Import Request.
  Time since last request: 0.000019 seconds.
  path: Assets/Azerilo/Car Model No.1201 Asset/Material/Texture/BrakeDiskTexture.png
  artifactKey: Guid(9d798e1b90dd8b447919c98b87d3d09b) Importer(2089858483,192608db42251d675da83286b1cce702)
Start importing Assets/Azerilo/Car Model No.1201 Asset/Material/Texture/BrakeDiskTexture.png using Guid(9d798e1b90dd8b447919c98b87d3d09b) Importer(2089858483,192608db42251d675da83286b1cce702) (ScriptedImporter) -> (artifact id: '90438803761737f2c361a9237222fa73') in 0.010641 seconds
Number of updated asset objects reloaded before import = 0Number of asset objects unloaded after import = 1

========================================================================
Received Import Request.
  Time since last request: 0.000012 seconds.
  path: Assets/Versatile Studio Assets/Demo City By Versatile Studio/Textures/building_bases.png
  artifactKey: Guid(b60689b53292d834b9128f0de5b1fc20) Importer(2089858483,192608db42251d675da83286b1cce702)
Start importing Assets/Versatile Studio Assets/Demo City By Versatile Studio/Textures/building_bases.png using Guid(b60689b53292d834b9128f0de5b1fc20) Importer(2089858483,192608db42251d675da83286b1cce702) (ScriptedImporter) -> (artifact id: '7a707ee24f5b2827fb5b55d17a752d4f') in 0.011105 seconds
Number of updated asset objects reloaded before import = 0Number of asset objects unloaded after import = 1

========================================================================
Received Import Request.
  Time since last request: 0.000011 seconds.
  path: Assets/Versatile Studio Assets/Demo City By Versatile Studio/Textures/asphalt_highway_oc.png
  artifactKey: Guid(677ce390a0860664bad47f7b278ca114) Importer(2089858483,192608db42251d675da83286b1cce702)
Start importing Assets/Versatile Studio Assets/Demo City By Versatile Studio/Textures/asphalt_highway_oc.png using Guid(677ce390a0860664bad47f7b278ca114) Importer(2089858483,192608db42251d675da83286b1cce702) (ScriptedImporter) -> (artifact id: '994bc95d2b2bfc2299ac1adbcdf4ff86') in 0.0118703 seconds
Number of updated asset objects reloaded before import = 0Number of asset objects unloaded after import = 1

========================================================================
Received Import Request.
  Time since last request: 0.000017 seconds.
  path: Assets/Versatile Studio Assets/Demo City By Versatile Studio/Scenes/demo_city_night/Lightmap-7_comp_light.exr
  artifactKey: Guid(45abaebf87d8ad24cbf98876e6ecdd2f) Importer(2089858483,192608db42251d675da83286b1cce702)
Start importing Assets/Versatile Studio Assets/Demo City By Versatile Studio/Scenes/demo_city_night/Lightmap-7_comp_light.exr using Guid(45abaebf87d8ad24cbf98876e6ecdd2f) Importer(2089858483,192608db42251d675da83286b1cce702) (ScriptedImporter) -> (artifact id: 'e642beb7e40ff7a61fbed13af0a11abb') in 0.04221 seconds
Number of updated asset objects reloaded before import = 0Number of asset objects unloaded after import = 1

========================================================================
Received Import Request.
  Time since last request: 0.000021 seconds.
  path: Assets/Azerilo/Car Model No.1201 Asset/Mesh/Materials/tireTexture.mat
  artifactKey: Guid(26b6147b9dbe34b42bf937f88115f52e) Importer(2089858483,192608db42251d675da83286b1cce702)
Start importing Assets/Azerilo/Car Model No.1201 Asset/Mesh/Materials/tireTexture.mat using Guid(26b6147b9dbe34b42bf937f88115f52e) Importer(2089858483,192608db42251d675da83286b1cce702) (ScriptedImporter) -> (artifact id: 'bb3b1061f7b92fdfc286e890f07868f5') in 0.0075273 seconds
Number of updated asset objects reloaded before import = 0Number of asset objects unloaded after import = 1

========================================================================
Received Import Request.
  Time since last request: 0.000014 seconds.
  path: Assets/Azerilo/Car Model No.1201 Asset/Material/BodyMat 3.mat
  artifactKey: Guid(2408c7077c3256541945bfb35ac03ca5) Importer(2089858483,192608db42251d675da83286b1cce702)
Start importing Assets/Azerilo/Car Model No.1201 Asset/Material/BodyMat 3.mat using Guid(2408c7077c3256541945bfb35ac03ca5) Importer(2089858483,192608db42251d675da83286b1cce702) (ScriptedImporter) -> (artifact id: '38ab15aeaa033f883a1178f1defeb232') in 0.0084506 seconds
Number of updated asset objects reloaded before import = 0Number of asset objects unloaded after import = 2

========================================================================
Received Import Request.
  Time since last request: 0.000017 seconds.
  path: Assets/Scenes/demo_city_night.unity
  artifactKey: Guid(3dd6985d248a2724291b46a30456112a) Importer(2089858483,192608db42251d675da83286b1cce702)
Start importing Assets/Scenes/demo_city_night.unity using Guid(3dd6985d248a2724291b46a30456112a) Importer(2089858483,192608db42251d675da83286b1cce702) (ScriptedImporter) -> (artifact id: 'bdd177a126253afce0f929f9d5df0c1b') in 0.0374824 seconds
Number of updated asset objects reloaded before import = 0Number of asset objects unloaded after import = 1

========================================================================
Received Prepare
Begin MonoManager ReloadAssembly
- Loaded All Assemblies, in  0.483 seconds
Refreshing native plugins compatible for Editor in 0.97 ms, found 4 plugins.
Native extension for WindowsStandalone target not found
[Package Manager] Failed to launch server process. Reason: Unity was launched with the -noUpm command-line argument
[Package Manager] Unable to send message (not connected to server process).
[Package Manager] Cannot connect to Unity Package Manager local server
Mono: successfully reloaded assembly
- Finished resetting the current domain, in  0.483 seconds
Domain Reload Profiling: 967ms
	BeginReloadAssembly (132ms)
		ExecutionOrderSort (0ms)
		DisableScriptedObjects (3ms)
		BackupInstance (0ms)
		ReleaseScriptingObjects (0ms)
		CreateAndSetChildDomain (43ms)
	RebuildCommonClasses (25ms)
	RebuildNativeTypeToScriptingClass (9ms)
	initialDomainReloadingComplete (19ms)
	LoadAllAssembliesAndSetupDomain (300ms)
		LoadAssemblies (217ms)
		RebuildTransferFunctionScriptingTraits (0ms)
		AnalyzeDomain (127ms)
			TypeCache.Refresh (7ms)
				TypeCache.ScanAssembly (0ms)
			BuildScriptInfoCaches (110ms)
			ResolveRequiredComponents (7ms)
	FinalizeReload (483ms)
		ReleaseScriptCaches (0ms)
		RebuildScriptCaches (0ms)
		SetupLoadedEditorAssemblies (370ms)
			LogAssemblyErrors (0ms)
			InitializePlatformSupportModulesInManaged (2ms)
			SetLoadedEditorAssemblies (4ms)
			BeforeProcessingInitializeOnLoad (79ms)
			ProcessInitializeOnLoadAttributes (254ms)
			ProcessInitializeOnLoadMethodAttributes (29ms)
			AfterProcessingInitializeOnLoad (2ms)
			EditorAssembliesLoaded (0ms)
		ExecutionOrderSort2 (0ms)
		AwakeInstancesAfterBackupRestoration (9ms)
Refreshing native plugins compatible for Editor in 1.24 ms, found 4 plugins.
Preloading 0 native plugins for Editor in 0.00 ms.
Unloading 13 Unused Serialized files (Serialized files now loaded: 0)
Unloading 6384 unused Assets / (3.9 MB). Loaded Objects now: 7103.
Memory consumption went from 153.8 MB to 149.9 MB.
Total: 6.358600 ms (FindLiveObjects: 0.428500 ms CreateObjectMapping: 0.416100 ms MarkObjects: 3.868700 ms  DeleteObjects: 1.644100 ms)

Prepare: number of updated asset objects reloaded= 0
========================================================================
Received Import Request.
  Time since last request: 46.311130 seconds.
  path: Assets/BTM_Assets/BTM_Items_Gems/Prefabs/RedPill.prefab
  artifactKey: Guid(159a122a2346fae4fb92f428464c2837) Importer(815301076,1909f56bfc062723c751e8b465ee728b)
Start importing Assets/BTM_Assets/BTM_Items_Gems/Prefabs/RedPill.prefab using Guid(159a122a2346fae4fb92f428464c2837) Importer(815301076,1909f56bfc062723c751e8b465ee728b) (PreviewImporter) -> (artifact id: '5921fac8196c92c9f4537f95bf6e17ea') in 0.393309 seconds
Number of updated asset objects reloaded before import = 0Number of asset objects unloaded after import = 18

========================================================================
Received Import Request.
  Time since last request: 0.000029 seconds.
  path: Assets/BTM_Assets/BTM_Items_Gems/Prefabs/RedPotion.prefab
  artifactKey: Guid(1242a88922ac6d34da67517f4c97626b) Importer(815301076,1909f56bfc062723c751e8b465ee728b)
Start importing Assets/BTM_Assets/BTM_Items_Gems/Prefabs/RedPotion.prefab using Guid(1242a88922ac6d34da67517f4c97626b) Importer(815301076,1909f56bfc062723c751e8b465ee728b) (PreviewImporter) -> (artifact id: '54a865806f5ff0ac691671d34f6262f4') in 0.0666448 seconds
Number of updated asset objects reloaded before import = 0Number of asset objects unloaded after import = 18

========================================================================
Received Import Request.
  Time since last request: 0.000029 seconds.
  path: Assets/Versatile Studio Assets/Demo City By Versatile Studio/Prefabs/office_building_4_bgr.prefab
  artifactKey: Guid(44f78b98bb705704a86127ce68d48b4e) Importer(815301076,1909f56bfc062723c751e8b465ee728b)
Start importing Assets/Versatile Studio Assets/Demo City By Versatile Studio/Prefabs/office_building_4_bgr.prefab using Guid(44f78b98bb705704a86127ce68d48b4e) Importer(815301076,1909f56bfc062723c751e8b465ee728b) (PreviewImporter) -> (artifact id: '0efb87669edd9b53b9b4886934beea3f') in 0.0287731 seconds
Number of updated asset objects reloaded before import = 0Number of asset objects unloaded after import = 15

========================================================================
Received Import Request.
  Time since last request: 0.000021 seconds.
  path: Assets/object/coin/Particle System.prefab
  artifactKey: Guid(f63bd48c6a0c06841b92838d95e74116) Importer(815301076,1909f56bfc062723c751e8b465ee728b)
Start importing Assets/object/coin/Particle System.prefab using Guid(f63bd48c6a0c06841b92838d95e74116) Importer(815301076,1909f56bfc062723c751e8b465ee728b) (PreviewImporter) -> (artifact id: 'd9b554f708ad7dac34e21fd2295d9976') in 0.0174918 seconds
Number of updated asset objects reloaded before import = 0Number of asset objects unloaded after import = 6

Editor requested this worker to shutdown with reason: Scaling down because of idle timeout
AssetImportWorker is now disconnected from the server
Process exiting
Exiting without the bug reporter. Application will terminate with return code 0